Archive member included to satisfy reference by file (symbol)

/usr/lib/gcc/arm-none-eabi/9.2.1/../../../arm-none-eabi/lib/thumb/v8-m.main+fp/softfp/libm.a(lib_a-wf_sqrt.o)
                              CMakeFiles/dht11_freertos.dir/home/charly/pico/pico-sdk/src/rp2_common/pico_float/float_math.c.o (sqrtf)
/usr/lib/gcc/arm-none-eabi/9.2.1/../../../arm-none-eabi/lib/thumb/v8-m.main+fp/softfp/libm.a(lib_a-ef_sqrt.o)
                              /usr/lib/gcc/arm-none-eabi/9.2.1/../../../arm-none-eabi/lib/thumb/v8-m.main+fp/softfp/libm.a(lib_a-wf_sqrt.o) (__ieee754_sqrtf)
/usr/lib/gcc/arm-none-eabi/9.2.1/../../../arm-none-eabi/lib/thumb/v8-m.main+fp/softfp/libm.a(lib_a-s_lib_ver.o)
                              /usr/lib/gcc/arm-none-eabi/9.2.1/../../../arm-none-eabi/lib/thumb/v8-m.main+fp/softfp/libm.a(lib_a-wf_sqrt.o) (__fdlib_version)
/usr/lib/gcc/arm-none-eabi/9.2.1/thumb/v8-m.main+fp/softfp/libgcc.a(_arm_addsubdf3.o)
                              CMakeFiles/dht11_freertos.dir/src/main.c.o (__aeabi_f2d)
/usr/lib/gcc/arm-none-eabi/9.2.1/thumb/v8-m.main+fp/softfp/libgcc.a(_aeabi_ldivmod.o)
                              CMakeFiles/dht11_freertos.dir/home/charly/pico/pico-sdk/src/rp2_common/hardware_clocks/clocks.c.o (__aeabi_ldivmod)
/usr/lib/gcc/arm-none-eabi/9.2.1/thumb/v8-m.main+fp/softfp/libgcc.a(_aeabi_uldivmod.o)
                              CMakeFiles/dht11_freertos.dir/home/charly/pico/pico-sdk/src/rp2_common/hardware_clocks/clocks.c.o (__aeabi_uldivmod)
/usr/lib/gcc/arm-none-eabi/9.2.1/thumb/v8-m.main+fp/softfp/libgcc.a(_udivmoddi4.o)
                              /usr/lib/gcc/arm-none-eabi/9.2.1/thumb/v8-m.main+fp/softfp/libgcc.a(_aeabi_ldivmod.o) (__udivmoddi4)
/usr/lib/gcc/arm-none-eabi/9.2.1/thumb/v8-m.main+fp/softfp/libgcc.a(_dvmd_tls.o)
                              /usr/lib/gcc/arm-none-eabi/9.2.1/thumb/v8-m.main+fp/softfp/libgcc.a(_aeabi_ldivmod.o) (__aeabi_ldiv0)
/usr/lib/gcc/arm-none-eabi/9.2.1/../../../arm-none-eabi/lib/thumb/v8-m.main+fp/softfp/libg.a(lib_a-atexit.o)
                              /usr/lib/gcc/arm-none-eabi/9.2.1/../../../arm-none-eabi/lib/thumb/v8-m.main+fp/softfp/crt0.o (atexit)
/usr/lib/gcc/arm-none-eabi/9.2.1/../../../arm-none-eabi/lib/thumb/v8-m.main+fp/softfp/libg.a(lib_a-calloc.o)
                              CMakeFiles/dht11_freertos.dir/home/charly/pico/pico-sdk/src/rp2_common/pico_malloc/malloc.c.o (calloc)
/usr/lib/gcc/arm-none-eabi/9.2.1/../../../arm-none-eabi/lib/thumb/v8-m.main+fp/softfp/libg.a(lib_a-callocr.o)
                              /usr/lib/gcc/arm-none-eabi/9.2.1/../../../arm-none-eabi/lib/thumb/v8-m.main+fp/softfp/libg.a(lib_a-calloc.o) (_calloc_r)
/usr/lib/gcc/arm-none-eabi/9.2.1/../../../arm-none-eabi/lib/thumb/v8-m.main+fp/softfp/libg.a(lib_a-errno.o)
                              /usr/lib/gcc/arm-none-eabi/9.2.1/../../../arm-none-eabi/lib/thumb/v8-m.main+fp/softfp/libm.a(lib_a-wf_sqrt.o) (__errno)
/usr/lib/gcc/arm-none-eabi/9.2.1/../../../arm-none-eabi/lib/thumb/v8-m.main+fp/softfp/libg.a(lib_a-fini.o)
                              /usr/lib/gcc/arm-none-eabi/9.2.1/../../../arm-none-eabi/lib/thumb/v8-m.main+fp/softfp/crt0.o (__libc_fini_array)
/usr/lib/gcc/arm-none-eabi/9.2.1/../../../arm-none-eabi/lib/thumb/v8-m.main+fp/softfp/libg.a(lib_a-impure.o)
                              /usr/lib/gcc/arm-none-eabi/9.2.1/../../../arm-none-eabi/lib/thumb/v8-m.main+fp/softfp/libg.a(lib_a-calloc.o) (_impure_ptr)
/usr/lib/gcc/arm-none-eabi/9.2.1/../../../arm-none-eabi/lib/thumb/v8-m.main+fp/softfp/libg.a(lib_a-init.o)
                              /usr/lib/gcc/arm-none-eabi/9.2.1/../../../arm-none-eabi/lib/thumb/v8-m.main+fp/softfp/crt0.o (__libc_init_array)
/usr/lib/gcc/arm-none-eabi/9.2.1/../../../arm-none-eabi/lib/thumb/v8-m.main+fp/softfp/libg.a(lib_a-lcltime_r.o)
                              CMakeFiles/dht11_freertos.dir/home/charly/pico/pico-sdk/src/common/pico_util/datetime.c.o (localtime_r)
/usr/lib/gcc/arm-none-eabi/9.2.1/../../../arm-none-eabi/lib/thumb/v8-m.main+fp/softfp/libg.a(lib_a-malloc.o)
                              CMakeFiles/dht11_freertos.dir/home/charly/pico/pico-sdk/src/rp2_common/pico_malloc/malloc.c.o (malloc)
/usr/lib/gcc/arm-none-eabi/9.2.1/../../../arm-none-eabi/lib/thumb/v8-m.main+fp/softfp/libg.a(lib_a-mallocr.o)
                              /usr/lib/gcc/arm-none-eabi/9.2.1/../../../arm-none-eabi/lib/thumb/v8-m.main+fp/softfp/libg.a(lib_a-callocr.o) (_malloc_r)
/usr/lib/gcc/arm-none-eabi/9.2.1/../../../arm-none-eabi/lib/thumb/v8-m.main+fp/softfp/libg.a(lib_a-memcmp.o)
                              CMakeFiles/dht11_freertos.dir/home/charly/pico/pico-sdk/src/rp2_common/pico_atomic/atomic.c.o (memcmp)
/usr/lib/gcc/arm-none-eabi/9.2.1/../../../arm-none-eabi/lib/thumb/v8-m.main+fp/softfp/libg.a(lib_a-memcpy.o)
                              CMakeFiles/dht11_freertos.dir/home/charly/pico/pico-sdk/src/common/pico_util/queue.c.o (memcpy)
[...]
Memory Configuration

Name             Origin             Length             Attributes
FLASH            0x0000000010000000 0x0000000000400000 xr
RAM              0x0000000020000000 0x0000000000080000 xrw
SCRATCH_X        0x0000000020080000 0x0000000000001000 xrw
SCRATCH_Y        0x0000000020081000 0x0000000000001000 xrw
*default*        0x0000000000000000 0xffffffffffffffff

Linker script and memory map

LOAD /usr/lib/gcc/arm-none-eabi/9.2.1/thumb/v8-m.main+fp/softfp/crti.o
LOAD /usr/lib/gcc/arm-none-eabi/9.2.1/thumb/v8-m.main+fp/softfp/crtbegin.o
LOAD /usr/lib/gcc/arm-none-eabi/9.2.1/../../../arm-none-eabi/lib/thumb/v8-m.main+fp/softfp/crt0.o

.flash_begin    0x0000000010000000        0x0
                0x0000000010000000                __flash_binary_start = .

.text           0x0000000010000000     0x87ac
                0x0000000010000000                __logical_binary_start = .
 *(.vectors)
 .vectors       0x0000000010000000      0x124 CMakeFiles/dht11_freertos.dir/home/charly/pico/pico-sdk/src/rp2_common/pico_crt0/crt0.S.o
                0x0000000010000000                __vectors
                0x0000000010000000                __VECTOR_TABLE
                0x0000000010000110                isr_securefault
                0x0000000010000110                isr_irq30
                0x0000000010000110                __unhandled_user_irq
                0x0000000010000110                isr_irq49
                0x0000000010000110                isr_irq13
                0x0000000010000110                isr_irq43
                0x0000000010000110                isr_irq45
                0x0000000010000110                isr_irq27
                0x0000000010000110                isr_irq32
                0x0000000010000110                isr_irq31
                0x0000000010000110                isr_irq5
                0x0000000010000110                isr_irq11
                0x0000000010000110                isr_irq23
                0x0000000010000110                isr_usagefault
                0x0000000010000110                isr_irq48
                0x0000000010000110                isr_irq35
                0x0000000010000110                isr_irq18
                0x0000000010000110                isr_irq50
                0x0000000010000110                isr_irq40
                0x0000000010000110                isr_irq28
                0x0000000010000110                isr_irq19
                0x0000000010000110                isr_irq36
                0x0000000010000110                isr_irq41
                0x0000000010000110                isr_irq0
                0x0000000010000110                isr_irq6
                0x0000000010000110                isr_memmanage
                0x0000000010000110                isr_irq37
                0x0000000010000110                isr_irq42
                0x0000000010000110                isr_irq22
                0x0000000010000110                isr_irq17
                0x0000000010000110                isr_irq38
                0x0000000010000110                isr_irq14
                0x0000000010000110                __vectors_end
                0x0000000010000110                __default_isrs_start
                0x0000000010000110                isr_irq2
                0x0000000010000110                isr_irq10
                0x0000000010000110                isr_irq8
                0x0000000010000110                isr_debugmonitor
                0x0000000010000110                isr_irq24
                0x0000000010000110                isr_irq46
                0x0000000010000110                isr_irq1
                0x0000000010000110                isr_irq47
                0x0000000010000110                isr_irq51
                0x0000000010000110                isr_irq7
                0x0000000010000110                isr_irq21
                0x0000000010000110                isr_irq39
                0x0000000010000110                isr_irq20
                0x0000000010000110                isr_irq15
                0x0000000010000110                isr_irq25
                0x0000000010000110                isr_irq34
                0x0000000010000110                isr_irq4
                0x0000000010000110                isr_busfault
                0x0000000010000110                isr_irq16
                0x0000000010000110                isr_irq44
                0x0000000010000110                isr_irq29
                0x0000000010000110                isr_irq26
                0x0000000010000110                isr_irq33
                0x0000000010000110                isr_irq3
                0x0000000010000110                isr_irq12
                0x0000000010000110                isr_irq9
                0x0000000010000116                unhandled_user_irq_num_in_r0
                0x0000000010000118                isr_invalid
                0x000000001000011a                isr_nmi
                0x000000001000011c                isr_hardfault
                0x000000001000011e                isr_svcall
                0x0000000010000120                isr_pendsv
                0x0000000010000122                isr_systick
                0x0000000010000124                __default_isrs_end
 *(.binary_info_header)
 .binary_info_header
                0x0000000010000124       0x14 CMakeFiles/dht11_freertos.dir/home/charly/pico/pico-sdk/src/rp2_common/pico_crt0/crt0.S.o
                0x0000000010000138                __binary_info_header_end = .
 *(.embedded_block)
 .embedded_block
                0x0000000010000138       0x14 CMakeFiles/dht11_freertos.dir/home/charly/pico/pico-sdk/src/rp2_common/pico_crt0/crt0.S.o
                0x000000001000014c                __embedded_block_end = .
 *(.reset)
 .reset         0x000000001000014c       0x98 CMakeFiles/dht11_freertos.dir/home/charly/pico/pico-sdk/src/rp2_common/pico_crt0/crt0.S.o
                0x000000001000014c                _entry_point
 *(.init)
 .init          0x00000000100001e4        0x4 /usr/lib/gcc/arm-none-eabi/9.2.1/thumb/v8-m.main+fp/softfp/crti.o
                0x00000000100001e4                _init
 *libgcc.a:cmse_nonsecure_call.o()
 *(EXCLUDE_FILE(*libm.a: *libc.a:*lib_a-mem*.o *libgcc.a:) .text*)
 .text          0x00000000100001e8       0x8c /usr/lib/gcc/arm-none-eabi/9.2.1/thumb/v8-m.main+fp/softfp/crtbegin.o
 .text.dht_task
                0x0000000010000274       0xa8 CMakeFiles/dht11_freertos.dir/src/main.c.o
                0x0000000010000274                dht_task
 .text.startup.main
                0x000000001000031c       0x34 CMakeFiles/dht11_freertos.dir/src/main.c.o
                0x000000001000031c                main
 .text.dht_init
                0x0000000010000350       0x64 CMakeFiles/dht11_freertos.dir/dht/dht.c.o
                0x0000000010000350                dht_init
 .text.dht_start_measurement
                0x00000000100003b4      0x1d4 CMakeFiles/dht11_freertos.dir/dht/dht.c.o
                0x00000000100003b4                dht_start_measurement
 .text.dht_finish_measurement_blocking
                0x0000000010000588      0x178 CMakeFiles/dht11_freertos.dir/dht/dht.c.o
                0x0000000010000588                dht_finish_measurement_blocking
 .text.clock_configure_undivided
                0x0000000010000700       0xc0 CMakeFiles/dht11_freertos.dir/home/charly/pico/pico-sdk/src/rp2_common/hardware_clocks/clocks.c.o
                0x0000000010000700                clock_configure_undivided
 .text.clock_get_hz
                0x00000000100007c0        0xc CMakeFiles/dht11_freertos.dir/home/charly/pico/pico-sdk/src/rp2_common/hardware_clocks/clocks.c.o
                0x00000000100007c0                clock_get_hz
 .text.panic    0x00000000100007cc       0x30 CMakeFiles/dht11_freertos.dir/home/charly/pico/pico-sdk/src/rp2_common/pico_platform_panic/panic.c.o
                0x00000000100007cc                panic
 .text.hw_claim_lock
                0x00000000100007fc       0x24 CMakeFiles/dht11_freertos.dir/home/charly/pico/pico-sdk/src/common/hardware_claim/claim.c.o
                0x00000000100007fc                hw_claim_lock
 .text.hw_claim_unlock
                0x0000000010000820       0x14 CMakeFiles/dht11_freertos.dir/home/charly/pico/pico-sdk/src/common/hardware_claim/claim.c.o
                0x0000000010000820                hw_claim_unlock
 .text.hw_claim_or_assert
                0x0000000010000834       0x4c CMakeFiles/dht11_freertos.dir/home/charly/pico/pico-sdk/src/common/hardware_claim/claim.c.o
                0x0000000010000834                hw_claim_or_assert
 .text.hw_claim_unused_from_range
                0x0000000010000880       0x90 CMakeFiles/dht11_freertos.dir/home/charly/pico/pico-sdk/src/common/hardware_claim/claim.c.o
                0x0000000010000880                hw_claim_unused_from_range
 .text.next_striped_spin_lock_num
                0x0000000010000910       0x18 CMakeFiles/dht11_freertos.dir/home/charly/pico/pico-sdk/src/rp2_common/hardware_sync/sync.c.o
                0x0000000010000910                next_striped_spin_lock_num
 .text.spin_lock_claim_unused
                0x0000000010000928       0x24 CMakeFiles/dht11_freertos.dir/home/charly/pico/pico-sdk/src/rp2_common/hardware_sync/sync.c.o
                0x0000000010000928                spin_lock_claim_unused
 .text.spinlock_set_extexclall
                0x000000001000094c       0x10 CMakeFiles/dht11_freertos.dir/home/charly/pico/pico-sdk/src/rp2_common/hardware_sync_spin_lock/sync_spin_lock.c.o
 .text.spin_locks_reset
                0x000000001000095c       0x18 CMakeFiles/dht11_freertos.dir/home/charly/pico/pico-sdk/src/rp2_common/hardware_sync_spin_lock/sync_spin_lock.c.o
                0x000000001000095c                spin_locks_reset
 .text.gpio_set_function
                0x0000000010000974       0x38 CMakeFiles/dht11_freertos.dir/home/charly/pico/pico-sdk/src/rp2_common/hardware_gpio/gpio.c.o
                0x0000000010000974                gpio_set_function
 .text.gpio_set_pulls
                0x00000000100009ac       0x30 CMakeFiles/dht11_freertos.dir/home/charly/pico/pico-sdk/src/rp2_common/hardware_gpio/gpio.c.o
                0x00000000100009ac                gpio_set_pulls
 .text.runtime_init_per_core_irq_priorities
                0x00000000100009dc       0x44 CMakeFiles/dht11_freertos.dir/home/charly/pico/pico-sdk/src/rp2_common/hardware_irq/irq.c.o
                0x00000000100009dc                runtime_init_per_core_irq_priorities
 .text.irq_set_enabled
                0x0000000010000a20       0x2c CMakeFiles/dht11_freertos.dir/home/charly/pico/pico-sdk/src/rp2_common/hardware_irq/irq.c.o
                0x0000000010000a20                irq_set_enabled
 .text.irq_is_enabled
                0x0000000010000a4c       0x20 CMakeFiles/dht11_freertos.dir/home/charly/pico/pico-sdk/src/rp2_common/hardware_irq/irq.c.o
                0x0000000010000a4c                irq_is_enabled
 .text.irq_set_pending
                0x0000000010000a6c       0x1c CMakeFiles/dht11_freertos.dir/home/charly/pico/pico-sdk/src/rp2_common/hardware_irq/irq.c.o
                0x0000000010000a6c                irq_set_pending
 .text.irq_has_shared_handler
                0x0000000010000a88       0x20 CMakeFiles/dht11_freertos.dir/home/charly/pico/pico-sdk/src/rp2_common/hardware_irq/irq.c.o
                0x0000000010000a88                irq_has_shared_handler
 .text.irq_set_exclusive_handler
                0x0000000010000aa8       0x60 CMakeFiles/dht11_freertos.dir/home/charly/pico/pico-sdk/src/rp2_common/hardware_irq/irq.c.o
                0x0000000010000aa8                irq_set_exclusive_handler
 .text.irq_add_shared_handler
                0x0000000010000b08      0x1fc CMakeFiles/dht11_freertos.dir/home/charly/pico/pico-sdk/src/rp2_common/hardware_irq/irq.c.o
                0x0000000010000b08                irq_add_shared_handler
 .text.irq_set_priority
                0x0000000010000d04       0x2c CMakeFiles/dht11_freertos.dir/home/charly/pico/pico-sdk/src/rp2_common/hardware_irq/irq.c.o
                0x0000000010000d04                irq_set_priority
 .text.irq_add_tail_to_free_list
                0x0000000010000d30       0xbc CMakeFiles/dht11_freertos.dir/home/charly/pico/pico-sdk/src/rp2_common/hardware_irq/irq.c.o
                0x0000000010000d30                irq_add_tail_to_free_list
 .text.user_irq_claim_unused
                0x0000000010000dec       0x2c CMakeFiles/dht11_freertos.dir/home/charly/pico/pico-sdk/src/rp2_common/hardware_irq/irq.c.o
                0x0000000010000dec                user_irq_claim_unused
 .text.lock_init
                0x0000000010000e18        0xc CMakeFiles/dht11_freertos.dir/home/charly/pico/pico-sdk/src/common/pico_sync/lock_core.c.o
                0x0000000010000e18                lock_init
 .text.runtime_init_mutex
                0x0000000010000e24       0x64 CMakeFiles/dht11_freertos.dir/home/charly/pico/pico-sdk/src/common/pico_sync/mutex.c.o
                0x0000000010000e24                runtime_init_mutex
 .text.mutex_init
                0x0000000010000e88       0x1c CMakeFiles/dht11_freertos.dir/home/charly/pico/pico-sdk/src/common/pico_sync/mutex.c.o
                0x0000000010000e88                mutex_init
 .text.critical_section_init
                0x0000000010000ea4       0x1c CMakeFiles/dht11_freertos.dir/home/charly/pico/pico-sdk/src/common/pico_sync/critical_section.c.o
                0x0000000010000ea4                critical_section_init
 .text.critical_section_init_with_lock_num
                0x0000000010000ec0       0x10 CMakeFiles/dht11_freertos.dir/home/charly/pico/pico-sdk/src/common/pico_sync/critical_section.c.o
                0x0000000010000ec0                critical_section_init_with_lock_num
 .text.alarm_pool_irq_handler
                0x0000000010000ed0      0x374 CMakeFiles/dht11_freertos.dir/home/charly/pico/pico-sdk/src/common/pico_time/time.c.o
 .text.sleep_until_callback
                0x0000000010001244       0x30 CMakeFiles/dht11_freertos.dir/home/charly/pico/pico-sdk/src/common/pico_time/time.c.o
 .text.runtime_init_default_alarm_pool
                0x0000000010001274      0x108 CMakeFiles/dht11_freertos.dir/home/charly/pico/pico-sdk/src/common/pico_time/time.c.o
                0x0000000010001274                runtime_init_default_alarm_pool
 .text.alarm_pool_get_default
                0x000000001000137c        0x8 CMakeFiles/dht11_freertos.dir/home/charly/pico/pico-sdk/src/common/pico_time/time.c.o
                0x000000001000137c                alarm_pool_get_default
 .text.alarm_pool_add_alarm_at
                0x0000000010001384       0xe0 CMakeFiles/dht11_freertos.dir/home/charly/pico/pico-sdk/src/common/pico_time/time.c.o
                0x0000000010001384                alarm_pool_add_alarm_at
 .text.alarm_pool_add_alarm_at_force_in_context
                0x0000000010001464       0xbc CMakeFiles/dht11_freertos.dir/home/charly/pico/pico-sdk/src/common/pico_time/time.c.o
                0x0000000010001464                alarm_pool_add_alarm_at_force_in_context
 .text.alarm_pool_cancel_alarm
                0x0000000010001520       0x7c CMakeFiles/dht11_freertos.dir/home/charly/pico/pico-sdk/src/common/pico_time/time.c.o
                0x0000000010001520                alarm_pool_cancel_alarm
 .text.alarm_pool_core_num
                0x000000001000159c        0x4 CMakeFiles/dht11_freertos.dir/home/charly/pico/pico-sdk/src/common/pico_time/time.c.o
                0x000000001000159c                alarm_pool_core_num
 .text.best_effort_wfe_or_timeout
                0x00000000100015a0       0xdc CMakeFiles/dht11_freertos.dir/home/charly/pico/pico-sdk/src/common/pico_time/time.c.o
                0x00000000100015a0                best_effort_wfe_or_timeout
 .text.timer_hardware_alarm_claim
                0x000000001000167c       0x24 CMakeFiles/dht11_freertos.dir/home/charly/pico/pico-sdk/src/rp2_common/hardware_timer/timer.c.o
                0x000000001000167c                timer_hardware_alarm_claim
 .text.timer_time_us_64
                0x00000000100016a0       0x10 CMakeFiles/dht11_freertos.dir/home/charly/pico/pico-sdk/src/rp2_common/hardware_timer/timer.c.o
                0x00000000100016a0                timer_time_us_64
 .text.time_us_64
                0x00000000100016b0       0x18 CMakeFiles/dht11_freertos.dir/home/charly/pico/pico-sdk/src/rp2_common/hardware_timer/timer.c.o
                0x00000000100016b0                time_us_64
 .text.pll_init
                0x00000000100016c8       0x8c CMakeFiles/dht11_freertos.dir/home/charly/pico/pico-sdk/src/rp2_common/hardware_pll/pll.c.o
                0x00000000100016c8                pll_init
 .text.watchdog_reboot
                0x0000000010001754       0x9c CMakeFiles/dht11_freertos.dir/home/charly/pico/pico-sdk/src/rp2_common/hardware_watchdog/watchdog.c.o
                0x0000000010001754                watchdog_reboot
 .text.tick_start
                0x00000000100017f0       0x18 CMakeFiles/dht11_freertos.dir/home/charly/pico/pico-sdk/src/rp2_common/hardware_ticks/ticks.c.o
                0x00000000100017f0                tick_start
 .text.rom_reboot.constprop.0
                0x0000000010001808       0x38 CMakeFiles/dht11_freertos.dir/home/charly/pico/pico-sdk/src/rp2_common/pico_bootrom/bootrom.c.o
 .text.rom_func_lookup
                0x0000000010001840       0x18 CMakeFiles/dht11_freertos.dir/home/charly/pico/pico-sdk/src/rp2_common/pico_bootrom/bootrom.c.o
                0x0000000010001840                rom_func_lookup
 .text.rom_reset_usb_boot_extra
                0x0000000010001858       0x1c CMakeFiles/dht11_freertos.dir/home/charly/pico/pico-sdk/src/rp2_common/pico_bootrom/bootrom.c.o
                0x0000000010001858                rom_reset_usb_boot_extra
 .text.runtime_init_bootrom_locking_enable
                0x0000000010001874       0x14 CMakeFiles/dht11_freertos.dir/home/charly/pico/pico-sdk/src/rp2_common/pico_bootrom/bootrom_lock.c.o
                0x0000000010001874                runtime_init_bootrom_locking_enable
 .text.runtime_init_boot_locks_reset
                0x0000000010001888       0x1c CMakeFiles/dht11_freertos.dir/home/charly/pico/pico-sdk/src/rp2_common/hardware_boot_lock/boot_lock.c.o
                0x0000000010001888                runtime_init_boot_locks_reset
 .text.xosc_init
                0x00000000100018a4       0x30 CMakeFiles/dht11_freertos.dir/home/charly/pico/pico-sdk/src/rp2_common/hardware_xosc/xosc.c.o
                0x00000000100018a4                xosc_init
 .text.dma_claim_unused_channel
                0x00000000100018d4       0x24 CMakeFiles/dht11_freertos.dir/home/charly/pico/pico-sdk/src/rp2_common/hardware_dma/dma.c.o
                0x00000000100018d4                dma_claim_unused_channel
 .text.pio_claim_unused_sm
                0x00000000100018f8       0x34 CMakeFiles/dht11_freertos.dir/home/charly/pico/pico-sdk/src/rp2_common/hardware_pio/pio.c.o
                0x00000000100018f8                pio_claim_unused_sm
 .text.pio_add_program
                0x000000001000192c      0x10c CMakeFiles/dht11_freertos.dir/home/charly/pico/pico-sdk/src/rp2_common/hardware_pio/pio.c.o
                0x000000001000192c                pio_add_program
 .text.pio_sm_init
                0x0000000010001a38       0xa0 CMakeFiles/dht11_freertos.dir/home/charly/pico/pico-sdk/src/rp2_common/hardware_pio/pio.c.o
                0x0000000010001a38                pio_sm_init
 .text.pvPortMalloc
                0x0000000010001ad8      0x10c CMakeFiles/dht11_freertos.dir/FreeRTOS-Kernel/portable/MemMang/heap_4.c.o
                0x0000000010001ad8                pvPortMalloc
 .text.vPortFree
                0x0000000010001be4       0x94 CMakeFiles/dht11_freertos.dir/FreeRTOS-Kernel/portable/MemMang/heap_4.c.o
                0x0000000010001be4                vPortFree
 .text.prvTaskExitError
                0x0000000010001c78       0x18 CMakeFiles/dht11_freertos.dir/FreeRTOS-Kernel/portable/ThirdParty/GCC/RP2350_ARM_NTZ/non_secure/port.c.o
 .text.SysTick_Handler
                0x0000000010001c90       0x24 CMakeFiles/dht11_freertos.dir/FreeRTOS-Kernel/portable/ThirdParty/GCC/RP2350_ARM_NTZ/non_secure/port.c.o
                0x0000000010001c90                SysTick_Handler
 .text.prvDoorbellInterruptHandler
                0x0000000010001cb4       0x88 CMakeFiles/dht11_freertos.dir/FreeRTOS-Kernel/portable/ThirdParty/GCC/RP2350_ARM_NTZ/non_secure/port.c.o
 .text.vPortSetupTimerInterrupt
                0x0000000010001d3c       0x38 CMakeFiles/dht11_freertos.dir/FreeRTOS-Kernel/portable/ThirdParty/GCC/RP2350_ARM_NTZ/non_secure/port.c.o
                0x0000000010001d3c                vPortSetupTimerInterrupt
 .text.vPortYield
                0x0000000010001d74       0x18 CMakeFiles/dht11_freertos.dir/FreeRTOS-Kernel/portable/ThirdParty/GCC/RP2350_ARM_NTZ/non_secure/port.c.o
                0x0000000010001d74                vPortYield
 .text.vPortEnterCritical
                0x0000000010001d8c       0x1c CMakeFiles/dht11_freertos.dir/FreeRTOS-Kernel/portable/ThirdParty/GCC/RP2350_ARM_NTZ/non_secure/port.c.o
                0x0000000010001d8c                vPortEnterCritical
 .text.vPortExitCritical
                0x0000000010001da8       0x18 CMakeFiles/dht11_freertos.dir/FreeRTOS-Kernel/portable/ThirdParty/GCC/RP2350_ARM_NTZ/non_secure/port.c.o
                0x0000000010001da8                vPortExitCritical
 .text.vPortSVCHandler_C
                0x0000000010001dc0       0x2c CMakeFiles/dht11_freertos.dir/FreeRTOS-Kernel/portable/ThirdParty/GCC/RP2350_ARM_NTZ/non_secure/port.c.o
                0x0000000010001dc0                vPortSVCHandler_C
 .text.pxPortInitialiseStack
                0x0000000010001dec       0x7c CMakeFiles/dht11_freertos.dir/FreeRTOS-Kernel/portable/ThirdParty/GCC/RP2350_ARM_NTZ/non_secure/port.c.o
                0x0000000010001dec                pxPortInitialiseStack
 .text.xPortStartScheduler
                0x0000000010001e68      0x110 CMakeFiles/dht11_freertos.dir/FreeRTOS-Kernel/portable/ThirdParty/GCC/RP2350_ARM_NTZ/non_secure/port.c.o
                0x0000000010001e68                xPortStartScheduler
 .text.vPortValidateInterruptPriority
                0x0000000010001f78       0x14 CMakeFiles/dht11_freertos.dir/FreeRTOS-Kernel/portable/ThirdParty/GCC/RP2350_ARM_NTZ/non_secure/port.c.o
                0x0000000010001f78                vPortValidateInterruptPriority
 .text.ulPortLockGetCurrentOwnerId
                0x0000000010001f8c       0x28 CMakeFiles/dht11_freertos.dir/FreeRTOS-Kernel/portable/ThirdParty/GCC/RP2350_ARM_NTZ/non_secure/port.c.o
                0x0000000010001f8c                ulPortLockGetCurrentOwnerId
 .text.vPortLockInternalSpinUnlockWithNotify
                0x0000000010001fb4       0xf0 CMakeFiles/dht11_freertos.dir/FreeRTOS-Kernel/portable/ThirdParty/GCC/RP2350_ARM_NTZ/non_secure/port.c.o
                0x0000000010001fb4                vPortLockInternalSpinUnlockWithNotify
 .text.xPortLockInternalSpinUnlockWithBestEffortWaitOrTimeout
                0x00000000100020a4       0xf8 CMakeFiles/dht11_freertos.dir/FreeRTOS-Kernel/portable/ThirdParty/GCC/RP2350_ARM_NTZ/non_secure/port.c.o
                0x00000000100020a4                xPortLockInternalSpinUnlockWithBestEffortWaitOrTimeout
 .text.startup.prvRuntimeInitializer
                0x000000001000219c       0x24 CMakeFiles/dht11_freertos.dir/FreeRTOS-Kernel/portable/ThirdParty/GCC/RP2350_ARM_NTZ/non_secure/port.c.o
 .text.vRestoreContextOfFirstTask
                0x00000000100021c0       0x2c CMakeFiles/dht11_freertos.dir/FreeRTOS-Kernel/portable/ThirdParty/GCC/RP2350_ARM_NTZ/non_secure/portasm.c.o
                0x00000000100021c0                vRestoreContextOfFirstTask
 .text.vStartFirstTask
                0x00000000100021ec       0x10 CMakeFiles/dht11_freertos.dir/FreeRTOS-Kernel/portable/ThirdParty/GCC/RP2350_ARM_NTZ/non_secure/portasm.c.o
                0x00000000100021ec                vStartFirstTask
 .text.ulSetInterruptMask
                0x00000000100021fc       0x18 CMakeFiles/dht11_freertos.dir/FreeRTOS-Kernel/portable/ThirdParty/GCC/RP2350_ARM_NTZ/non_secure/portasm.c.o
                0x00000000100021fc                ulSetInterruptMask
 .text.vClearInterruptMask
                0x0000000010002214       0x10 CMakeFiles/dht11_freertos.dir/FreeRTOS-Kernel/portable/ThirdParty/GCC/RP2350_ARM_NTZ/non_secure/portasm.c.o
                0x0000000010002214                vClearInterruptMask
 .text.PendSV_Handler
                0x0000000010002224       0x80 CMakeFiles/dht11_freertos.dir/FreeRTOS-Kernel/portable/ThirdParty/GCC/RP2350_ARM_NTZ/non_secure/portasm.c.o
                0x0000000010002224                PendSV_Handler
 .text.SVC_Handler
                0x00000000100022a4       0x18 CMakeFiles/dht11_freertos.dir/FreeRTOS-Kernel/portable/ThirdParty/GCC/RP2350_ARM_NTZ/non_secure/portasm.c.o
                0x00000000100022a4                SVC_Handler
 .text.vEventGroupSetBitsCallback
                0x00000000100022bc       0x60 CMakeFiles/dht11_freertos.dir/FreeRTOS-Kernel/event_groups.c.o
                0x00000000100022bc                vEventGroupSetBitsCallback
 .text.xEventGroupCreate
                0x000000001000231c       0x1c CMakeFiles/dht11_freertos.dir/FreeRTOS-Kernel/event_groups.c.o
                0x000000001000231c                xEventGroupCreate
 .text.xEventGroupWaitBits
                0x0000000010002338       0xb4 CMakeFiles/dht11_freertos.dir/FreeRTOS-Kernel/event_groups.c.o
                0x0000000010002338                xEventGroupWaitBits
 .text.xEventGroupSetBits
                0x00000000100023ec       0x60 CMakeFiles/dht11_freertos.dir/FreeRTOS-Kernel/event_groups.c.o
                0x00000000100023ec                xEventGroupSetBits
 .text.xEventGroupSetBitsFromISR
                0x000000001000244c       0x18 CMakeFiles/dht11_freertos.dir/FreeRTOS-Kernel/event_groups.c.o
                0x000000001000244c                xEventGroupSetBitsFromISR
 .text.vListInitialise
                0x0000000010002464       0x18 CMakeFiles/dht11_freertos.dir/FreeRTOS-Kernel/list.c.o
                0x0000000010002464                vListInitialise
 .text.vListInitialiseItem
                0x000000001000247c        0x8 CMakeFiles/dht11_freertos.dir/FreeRTOS-Kernel/list.c.o
                0x000000001000247c                vListInitialiseItem
 .text.vListInsert
                0x0000000010002484       0x30 CMakeFiles/dht11_freertos.dir/FreeRTOS-Kernel/list.c.o
                0x0000000010002484                vListInsert
 .text.uxListRemove
                0x00000000100024b4       0x24 CMakeFiles/dht11_freertos.dir/FreeRTOS-Kernel/list.c.o
                0x00000000100024b4                uxListRemove
 .text.prvCopyDataToQueue
                0x00000000100024d8       0x84 CMakeFiles/dht11_freertos.dir/FreeRTOS-Kernel/queue.c.o
 .text.prvUnlockQueue
                0x000000001000255c      0x13c CMakeFiles/dht11_freertos.dir/FreeRTOS-Kernel/queue.c.o
 .text.prvNotifyQueueSetContainer
                0x0000000010002698       0x8c CMakeFiles/dht11_freertos.dir/FreeRTOS-Kernel/queue.c.o
 .text.xQueueGenericCreate
                0x0000000010002724       0x80 CMakeFiles/dht11_freertos.dir/FreeRTOS-Kernel/queue.c.o
                0x0000000010002724                xQueueGenericCreate
 .text.xQueueGenericSendFromISR
                0x00000000100027a4       0xa0 CMakeFiles/dht11_freertos.dir/FreeRTOS-Kernel/queue.c.o
                0x00000000100027a4                xQueueGenericSendFromISR
 .text.xQueueReceive
                0x0000000010002844      0x110 CMakeFiles/dht11_freertos.dir/FreeRTOS-Kernel/queue.c.o
                0x0000000010002844                xQueueReceive
 .text.vQueueAddToRegistry
                0x0000000010002954      0x104 CMakeFiles/dht11_freertos.dir/FreeRTOS-Kernel/queue.c.o
                0x0000000010002954                vQueueAddToRegistry
 .text.vQueueWaitForMessageRestricted
                0x0000000010002a58       0x50 CMakeFiles/dht11_freertos.dir/FreeRTOS-Kernel/queue.c.o
                0x0000000010002a58                vQueueWaitForMessageRestricted
 .text.prvAddNewTaskToReadyList
                0x0000000010002aa8      0x13c CMakeFiles/dht11_freertos.dir/FreeRTOS-Kernel/tasks.c.o
 .text.prvIdleTask
                0x0000000010002be4       0x5c CMakeFiles/dht11_freertos.dir/FreeRTOS-Kernel/tasks.c.o
 .text.xTaskIncrementTick.part.0
                0x0000000010002c40      0x194 CMakeFiles/dht11_freertos.dir/FreeRTOS-Kernel/tasks.c.o
 .text.xTaskCreate
                0x0000000010002dd4      0x154 CMakeFiles/dht11_freertos.dir/FreeRTOS-Kernel/tasks.c.o
                0x0000000010002dd4                xTaskCreate
 .text.vTaskStartScheduler
                0x0000000010002f28       0xe0 CMakeFiles/dht11_freertos.dir/FreeRTOS-Kernel/tasks.c.o
                0x0000000010002f28                vTaskStartScheduler
 .text.vTaskSuspendAll
                0x0000000010003008       0x10 CMakeFiles/dht11_freertos.dir/FreeRTOS-Kernel/tasks.c.o
                0x0000000010003008                vTaskSuspendAll
 .text.xTaskResumeAll
                0x0000000010003018      0x194 CMakeFiles/dht11_freertos.dir/FreeRTOS-Kernel/tasks.c.o
                0x0000000010003018                xTaskResumeAll
 .text.vTaskDelay
                0x00000000100031ac       0xa4 CMakeFiles/dht11_freertos.dir/FreeRTOS-Kernel/tasks.c.o
                0x00000000100031ac                vTaskDelay
 .text.xTaskGetTickCount
                0x0000000010003250        0xc CMakeFiles/dht11_freertos.dir/FreeRTOS-Kernel/tasks.c.o
                0x0000000010003250                xTaskGetTickCount
 .text.uxTaskGetNumberOfTasks
                0x000000001000325c        0xc CMakeFiles/dht11_freertos.dir/FreeRTOS-Kernel/tasks.c.o
                0x000000001000325c                uxTaskGetNumberOfTasks
 .text.xTaskIncrementTick
                0x0000000010003268       0x20 CMakeFiles/dht11_freertos.dir/FreeRTOS-Kernel/tasks.c.o
                0x0000000010003268                xTaskIncrementTick
 .text.vTaskSwitchContext
                0x0000000010003288       0x5c CMakeFiles/dht11_freertos.dir/FreeRTOS-Kernel/tasks.c.o
                0x0000000010003288                vTaskSwitchContext
 .text.vTaskPlaceOnEventList
                0x00000000100032e4       0xb8 CMakeFiles/dht11_freertos.dir/FreeRTOS-Kernel/tasks.c.o
                0x00000000100032e4                vTaskPlaceOnEventList
 .text.vTaskPlaceOnUnorderedEventList
                0x000000001000339c       0xe4 CMakeFiles/dht11_freertos.dir/FreeRTOS-Kernel/tasks.c.o
                0x000000001000339c                vTaskPlaceOnUnorderedEventList
 .text.vTaskPlaceOnEventListRestricted
                0x0000000010003480       0xf4 CMakeFiles/dht11_freertos.dir/FreeRTOS-Kernel/tasks.c.o
                0x0000000010003480                vTaskPlaceOnEventListRestricted
 .text.xTaskRemoveFromEventList
                0x0000000010003574       0xf4 CMakeFiles/dht11_freertos.dir/FreeRTOS-Kernel/tasks.c.o
                0x0000000010003574                xTaskRemoveFromEventList
 .text.vTaskRemoveFromUnorderedEventList
                0x0000000010003668       0xb4 CMakeFiles/dht11_freertos.dir/FreeRTOS-Kernel/tasks.c.o
                0x0000000010003668                vTaskRemoveFromUnorderedEventList
 .text.vTaskInternalSetTimeOutState
                0x000000001000371c       0x18 CMakeFiles/dht11_freertos.dir/FreeRTOS-Kernel/tasks.c.o
                0x000000001000371c                vTaskInternalSetTimeOutState
 .text.xTaskCheckForTimeOut
                0x0000000010003734       0x78 CMakeFiles/dht11_freertos.dir/FreeRTOS-Kernel/tasks.c.o
                0x0000000010003734                xTaskCheckForTimeOut
 .text.vTaskMissedYield
                0x00000000100037ac        0xc CMakeFiles/dht11_freertos.dir/FreeRTOS-Kernel/tasks.c.o
                0x00000000100037ac                vTaskMissedYield
 .text.xTaskGetCurrentTaskHandle
                0x00000000100037b8        0xc CMakeFiles/dht11_freertos.dir/FreeRTOS-Kernel/tasks.c.o
                0x00000000100037b8                xTaskGetCurrentTaskHandle
 .text.xTaskPriorityDisinherit
                0x00000000100037c4       0xa0 CMakeFiles/dht11_freertos.dir/FreeRTOS-Kernel/tasks.c.o
                0x00000000100037c4                xTaskPriorityDisinherit
 .text.uxTaskResetEventItemValue
                0x0000000010003864       0x18 CMakeFiles/dht11_freertos.dir/FreeRTOS-Kernel/tasks.c.o
                0x0000000010003864                uxTaskResetEventItemValue
 .text.prvTimerTask
                0x000000001000387c      0x350 CMakeFiles/dht11_freertos.dir/FreeRTOS-Kernel/timers.c.o
 .text.xTimerCreateTimerTask
                0x0000000010003bcc       0x84 CMakeFiles/dht11_freertos.dir/FreeRTOS-Kernel/timers.c.o
                0x0000000010003bcc                xTimerCreateTimerTask
 .text.xTimerPendFunctionCallFromISR
                0x0000000010003c50       0x2c CMakeFiles/dht11_freertos.dir/FreeRTOS-Kernel/timers.c.o
                0x0000000010003c50                xTimerPendFunctionCallFromISR
 .text.exception_set_exclusive_handler
                0x0000000010003c7c       0x4c CMakeFiles/dht11_freertos.dir/home/charly/pico/pico-sdk/src/rp2_common/hardware_exception/exception.c.o
                0x0000000010003c7c                exception_set_exclusive_handler
 .text.multicore_doorbell_claim_unused
                0x0000000010003cc8       0xf8 CMakeFiles/dht11_freertos.dir/home/charly/pico/pico-sdk/src/rp2_common/pico_multicore/multicore.c.o
                0x0000000010003cc8                multicore_doorbell_claim_unused
 .text.first_per_core_initializer
                0x0000000010003dc0        0x4 CMakeFiles/dht11_freertos.dir/home/charly/pico/pico-sdk/src/rp2_common/pico_runtime/runtime.c.o
 .text.hard_assertion_failure
                0x0000000010003dc4        0xc CMakeFiles/dht11_freertos.dir/home/charly/pico/pico-sdk/src/rp2_common/pico_runtime/runtime.c.o
                0x0000000010003dc4                hard_assertion_failure
 .text.runtime_run_initializers
                0x0000000010003dd0       0x2c CMakeFiles/dht11_freertos.dir/home/charly/pico/pico-sdk/src/rp2_common/pico_runtime/runtime.c.o
                0x0000000010003dd0                runtime_run_initializers
 .text.runtime_init_early_resets
                0x0000000010003dfc       0x34 CMakeFiles/dht11_freertos.dir/home/charly/pico/pico-sdk/src/rp2_common/pico_runtime_init/runtime_init.c.o
                0x0000000010003dfc                runtime_init_early_resets
 .text.runtime_init_usb_power_down
                0x0000000010003e30       0x1c CMakeFiles/dht11_freertos.dir/home/charly/pico/pico-sdk/src/rp2_common/pico_runtime_init/runtime_init.c.o
                0x0000000010003e30                runtime_init_usb_power_down
 .text.runtime_init_per_core_enable_coprocessors
                0x0000000010003e4c       0x1c CMakeFiles/dht11_freertos.dir/home/charly/pico/pico-sdk/src/rp2_common/pico_runtime_init/runtime_init.c.o
                0x0000000010003e4c                runtime_init_per_core_enable_coprocessors
 .text.runtime_init_post_clock_resets
                0x0000000010003e68       0x20 CMakeFiles/dht11_freertos.dir/home/charly/pico/pico-sdk/src/rp2_common/pico_runtime_init/runtime_init.c.o
                0x0000000010003e68                runtime_init_post_clock_resets
 .text.runtime_init_bootrom_reset
                0x0000000010003e88       0x14 CMakeFiles/dht11_freertos.dir/home/charly/pico/pico-sdk/src/rp2_common/pico_runtime_init/runtime_init.c.o
                0x0000000010003e88                runtime_init_bootrom_reset
 .text.runtime_init_per_core_bootrom_reset
                0x0000000010003e9c       0x14 CMakeFiles/dht11_freertos.dir/home/charly/pico/pico-sdk/src/rp2_common/pico_runtime_init/runtime_init.c.o
                0x0000000010003e9c                runtime_init_per_core_bootrom_reset
 .text.runtime_init_spin_locks_reset
                0x0000000010003eb0        0x4 CMakeFiles/dht11_freertos.dir/home/charly/pico/pico-sdk/src/rp2_common/pico_runtime_init/runtime_init.c.o
                0x0000000010003eb0                runtime_init_spin_locks_reset
 .text.runtime_init_install_ram_vector_table
                0x0000000010003eb4       0xc0 CMakeFiles/dht11_freertos.dir/home/charly/pico/pico-sdk/src/rp2_common/pico_runtime_init/runtime_init.c.o
                0x0000000010003eb4                runtime_init_install_ram_vector_table
 .text.runtime_init_clocks
                0x0000000010003f74       0xe4 CMakeFiles/dht11_freertos.dir/home/charly/pico/pico-sdk/src/rp2_common/pico_runtime_init/runtime_init_clocks.c.o
                0x0000000010003f74                runtime_init_clocks
 .text.__rp2350_dcp_engaged_state_save_restore
                0x0000000010004058       0x3a CMakeFiles/dht11_freertos.dir/home/charly/pico/pico-sdk/src/rp2_common/pico_double/double_aeabi_dcp.S.o
 *fill*         0x0000000010004092        0x2 
 .text.__wrap___aeabi_dadd
                0x0000000010004094       0x28 CMakeFiles/dht11_freertos.dir/home/charly/pico/pico-sdk/src/rp2_common/pico_double/double_aeabi_dcp.S.o
                0x000000001000409c                __wrap___aeabi_dadd
 .text.__wrap___aeabi_dsub
                0x00000000100040bc       0x28 CMakeFiles/dht11_freertos.dir/home/charly/pico/pico-sdk/src/rp2_common/pico_double/double_aeabi_dcp.S.o
                0x00000000100040c4                __wrap___aeabi_dsub
 .text.__wrap___aeabi_dmul
                0x00000000100040e4       0x4c CMakeFiles/dht11_freertos.dir/home/charly/pico/pico-sdk/src/rp2_common/pico_double/double_aeabi_dcp.S.o
                0x00000000100040ec                __wrap___aeabi_dmul
 .text.__wrap___aeabi_ddiv
                0x0000000010004130       0x9c CMakeFiles/dht11_freertos.dir/home/charly/pico/pico-sdk/src/rp2_common/pico_double/double_aeabi_dcp.S.o
                0x0000000010004138                __wrap___aeabi_ddiv
 .text.__wrap___aeabi_i2d
                0x00000000100041cc       0x24 CMakeFiles/dht11_freertos.dir/home/charly/pico/pico-sdk/src/rp2_common/pico_double/double_aeabi_dcp.S.o
                0x00000000100041d4                __wrap___aeabi_i2d
                0x00000000100041d4                int2double
 .text.__wrap___aeabi_ui2d
                0x00000000100041f0       0x24 CMakeFiles/dht11_freertos.dir/home/charly/pico/pico-sdk/src/rp2_common/pico_double/double_aeabi_dcp.S.o
                0x00000000100041f8                __wrap___aeabi_ui2d
                0x00000000100041f8                uint2double
 .text.__wrap___aeabi_d2iz
                0x0000000010004214       0x24 CMakeFiles/dht11_freertos.dir/home/charly/pico/pico-sdk/src/rp2_common/pico_double/double_aeabi_dcp.S.o
                0x000000001000421c                __wrap___aeabi_d2iz
                0x000000001000421c                double2int_z
 .text.__wrap___aeabi_d2uiz
                0x0000000010004238       0x24 CMakeFiles/dht11_freertos.dir/home/charly/pico/pico-sdk/src/rp2_common/pico_double/double_aeabi_dcp.S.o
                0x0000000010004240                double2uint_z
                0x0000000010004240                double2uint
                0x0000000010004240                __wrap___aeabi_d2uiz
 .text.__wrap___aeabi_dcmpun
                0x000000001000425c       0x24 CMakeFiles/dht11_freertos.dir/home/charly/pico/pico-sdk/src/rp2_common/pico_double/double_aeabi_dcp.S.o
                0x0000000010004264                __wrap___aeabi_dcmpun
 .text.__wrap___aeabi_dcmplt
                0x0000000010004280       0x28 CMakeFiles/dht11_freertos.dir/home/charly/pico/pico-sdk/src/rp2_common/pico_double/double_aeabi_dcp.S.o
                0x0000000010004288                __wrap___aeabi_dcmplt
 .text.__wrap___aeabi_dcmple
                0x00000000100042a8       0x28 CMakeFiles/dht11_freertos.dir/home/charly/pico/pico-sdk/src/rp2_common/pico_double/double_aeabi_dcp.S.o
                0x00000000100042b0                __wrap___aeabi_dcmple
 .text.__wrap___aeabi_dcmpge
                0x00000000100042d0       0x28 CMakeFiles/dht11_freertos.dir/home/charly/pico/pico-sdk/src/rp2_common/pico_double/double_aeabi_dcp.S.o
                0x00000000100042d8                __wrap___aeabi_dcmpge
 .text.__wrap___aeabi_dcmpgt
                0x00000000100042f8       0x28 CMakeFiles/dht11_freertos.dir/home/charly/pico/pico-sdk/src/rp2_common/pico_double/double_aeabi_dcp.S.o
                0x0000000010004300                __wrap___aeabi_dcmpgt
 .text._out_null
                0x0000000010004320        0x4 CMakeFiles/dht11_freertos.dir/home/charly/pico/pico-sdk/src/rp2_common/pico_printf/printf.c.o
 .text._out_rev
                0x0000000010004324       0xa0 CMakeFiles/dht11_freertos.dir/home/charly/pico/pico-sdk/src/rp2_common/pico_printf/printf.c.o
 .text._ntoa_format
                0x00000000100043c4      0x1d8 CMakeFiles/dht11_freertos.dir/home/charly/pico/pico-sdk/src/rp2_common/pico_printf/printf.c.o
 .text._out_char
                0x000000001000459c        0x8 CMakeFiles/dht11_freertos.dir/home/charly/pico/pico-sdk/src/rp2_common/pico_printf/printf.c.o
 .text._out_fct
                0x00000000100045a4        0xc CMakeFiles/dht11_freertos.dir/home/charly/pico/pico-sdk/src/rp2_common/pico_printf/printf.c.o
 .text._etoa    0x00000000100045b0      0x470 CMakeFiles/dht11_freertos.dir/home/charly/pico/pico-sdk/src/rp2_common/pico_printf/printf.c.o
 .text._ftoa    0x0000000010004a20      0x418 CMakeFiles/dht11_freertos.dir/home/charly/pico/pico-sdk/src/rp2_common/pico_printf/printf.c.o
 .text._vsnprintf
                0x0000000010004e38      0xa84 CMakeFiles/dht11_freertos.dir/home/charly/pico/pico-sdk/src/rp2_common/pico_printf/printf.c.o
 .text.vfctprintf
                0x00000000100058bc       0x24 CMakeFiles/dht11_freertos.dir/home/charly/pico/pico-sdk/src/rp2_common/pico_printf/printf.c.o
                0x00000000100058bc                vfctprintf
 .text.weak_raw_vprintf
                0x00000000100058e0       0x30 CMakeFiles/dht11_freertos.dir/home/charly/pico/pico-sdk/src/rp2_common/pico_printf/printf.c.o
                0x00000000100058e0                weak_raw_vprintf
 .text._exit    0x0000000010005910        0x4 CMakeFiles/dht11_freertos.dir/home/charly/pico/pico-sdk/src/rp2_common/pico_clib_interface/newlib_interface.c.o
                0x0000000010005910                _exit
 .text.exit     0x0000000010005914        0x8 CMakeFiles/dht11_freertos.dir/home/charly/pico/pico-sdk/src/rp2_common/pico_clib_interface/newlib_interface.c.o
                0x0000000010005914                exit
 .text.runtime_init
                0x000000001000591c       0x30 CMakeFiles/dht11_freertos.dir/home/charly/pico/pico-sdk/src/rp2_common/pico_clib_interface/newlib_interface.c.o
                0x000000001000591c                runtime_init
 .text.stdio_out_chars_no_crlf
                0x000000001000594c        0x8 CMakeFiles/dht11_freertos.dir/home/charly/pico/pico-sdk/src/rp2_common/pico_stdio/stdio.c.o
 .text.stdio_out_chars_crlf
                0x0000000010005954       0x98 CMakeFiles/dht11_freertos.dir/home/charly/pico/pico-sdk/src/rp2_common/pico_stdio/stdio.c.o
 .text.stdio_buffered_printer
                0x00000000100059ec       0x60 CMakeFiles/dht11_freertos.dir/home/charly/pico/pico-sdk/src/rp2_common/pico_stdio/stdio.c.o
 .text.stdio_put_string
                0x0000000010005a4c       0xf8 CMakeFiles/dht11_freertos.dir/home/charly/pico/pico-sdk/src/rp2_common/pico_stdio/stdio.c.o
                0x0000000010005a4c                stdio_put_string
 .text.stdio_set_driver_enabled
                0x0000000010005b44       0x28 CMakeFiles/dht11_freertos.dir/home/charly/pico/pico-sdk/src/rp2_common/pico_stdio/stdio.c.o
                0x0000000010005b44                stdio_set_driver_enabled
 .text.stdio_init_all
                0x0000000010005b6c        0x4 CMakeFiles/dht11_freertos.dir/home/charly/pico/pico-sdk/src/rp2_common/pico_stdio/stdio.c.o
                0x0000000010005b6c                stdio_init_all
 .text.__wrap_putchar
                0x0000000010005b70       0x88 CMakeFiles/dht11_freertos.dir/home/charly/pico/pico-sdk/src/rp2_common/pico_stdio/stdio.c.o
                0x0000000010005b70                stdio_putchar
                0x0000000010005b70                __wrap_putchar
 .text.__wrap_puts
                0x0000000010005bf8       0x3c CMakeFiles/dht11_freertos.dir/home/charly/pico/pico-sdk/src/rp2_common/pico_stdio/stdio.c.o
                0x0000000010005bf8                __wrap_puts
                0x0000000010005bf8                stdio_puts
 .text.__wrap_vprintf
                0x0000000010005c34       0xc8 CMakeFiles/dht11_freertos.dir/home/charly/pico/pico-sdk/src/rp2_common/pico_stdio/stdio.c.o
                0x0000000010005c34                __wrap_vprintf
                0x0000000010005c34                stdio_vprintf
 .text.__wrap_printf
                0x0000000010005cfc       0x1c CMakeFiles/dht11_freertos.dir/home/charly/pico/pico-sdk/src/rp2_common/pico_stdio/stdio.c.o
                0x0000000010005cfc                stdio_printf
                0x0000000010005cfc                __wrap_printf
 .text.resetd_init
                0x0000000010005d18        0x4 CMakeFiles/dht11_freertos.dir/home/charly/pico/pico-sdk/src/rp2_common/pico_stdio_usb/reset_interface.c.o
 .text.resetd_reset
                0x0000000010005d1c        0xc CMakeFiles/dht11_freertos.dir/home/charly/pico/pico-sdk/src/rp2_common/pico_stdio_usb/reset_interface.c.o
 .text.resetd_open
                0x0000000010005d28       0x28 CMakeFiles/dht11_freertos.dir/home/charly/pico/pico-sdk/src/rp2_common/pico_stdio_usb/reset_interface.c.o
 .text.resetd_xfer_cb
                0x0000000010005d50        0x4 CMakeFiles/dht11_freertos.dir/home/charly/pico/pico-sdk/src/rp2_common/pico_stdio_usb/reset_interface.c.o
 .text.resetd_control_xfer_cb
                0x0000000010005d54       0x54 CMakeFiles/dht11_freertos.dir/home/charly/pico/pico-sdk/src/rp2_common/pico_stdio_usb/reset_interface.c.o
 .text.tud_descriptor_bos_cb
                0x0000000010005da8        0x8 CMakeFiles/dht11_freertos.dir/home/charly/pico/pico-sdk/src/rp2_common/pico_stdio_usb/reset_interface.c.o
                0x0000000010005da8                tud_descriptor_bos_cb
 .text.tud_vendor_control_xfer_cb
                0x0000000010005db0       0x28 CMakeFiles/dht11_freertos.dir/home/charly/pico/pico-sdk/src/rp2_common/pico_stdio_usb/reset_interface.c.o
                0x0000000010005db0                tud_vendor_control_xfer_cb
 .text.usbd_app_driver_get_cb
                0x0000000010005dd8       0x10 CMakeFiles/dht11_freertos.dir/home/charly/pico/pico-sdk/src/rp2_common/pico_stdio_usb/reset_interface.c.o
                0x0000000010005dd8                usbd_app_driver_get_cb
 .text.tud_cdc_line_coding_cb
                0x0000000010005de8       0x18 CMakeFiles/dht11_freertos.dir/home/charly/pico/pico-sdk/src/rp2_common/pico_stdio_usb/reset_interface.c.o
                0x0000000010005de8                tud_cdc_line_coding_cb
 .text.stdio_usb_set_chars_available_callback
                0x0000000010005e00       0x14 CMakeFiles/dht11_freertos.dir/home/charly/pico/pico-sdk/src/rp2_common/pico_stdio_usb/stdio_usb.c.o
                0x0000000010005e00                stdio_usb_set_chars_available_callback
 .text.timer_task
                0x0000000010005e14       0x70 CMakeFiles/dht11_freertos.dir/home/charly/pico/pico-sdk/src/rp2_common/pico_stdio_usb/stdio_usb.c.o
 .text.usb_irq  0x0000000010005e84        0xc CMakeFiles/dht11_freertos.dir/home/charly/pico/pico-sdk/src/rp2_common/pico_stdio_usb/stdio_usb.c.o
 .text.stdio_usb_in_chars
                0x0000000010005e90       0x8c CMakeFiles/dht11_freertos.dir/home/charly/pico/pico-sdk/src/rp2_common/pico_stdio_usb/stdio_usb.c.o
                0x0000000010005e90                stdio_usb_in_chars
 .text.stdio_usb_out_flush
                0x0000000010005f1c       0x54 CMakeFiles/dht11_freertos.dir/home/charly/pico/pico-sdk/src/rp2_common/pico_stdio_usb/stdio_usb.c.o
 .text.stdio_usb_out_chars
                0x0000000010005f70      0x104 CMakeFiles/dht11_freertos.dir/home/charly/pico/pico-sdk/src/rp2_common/pico_stdio_usb/stdio_usb.c.o
 .text.low_priority_worker_irq
                0x0000000010006074       0xd8 CMakeFiles/dht11_freertos.dir/home/charly/pico/pico-sdk/src/rp2_common/pico_stdio_usb/stdio_usb.c.o
 .text.stdio_usb_init
                0x000000001000614c       0xe8 CMakeFiles/dht11_freertos.dir/home/charly/pico/pico-sdk/src/rp2_common/pico_stdio_usb/stdio_usb.c.o
                0x000000001000614c                stdio_usb_init
 .text.tud_descriptor_device_cb
                0x0000000010006234        0x8 CMakeFiles/dht11_freertos.dir/home/charly/pico/pico-sdk/src/rp2_common/pico_stdio_usb/stdio_usb_descriptors.c.o
                0x0000000010006234                tud_descriptor_device_cb
 .text.tud_descriptor_configuration_cb
                0x000000001000623c        0x8 CMakeFiles/dht11_freertos.dir/home/charly/pico/pico-sdk/src/rp2_common/pico_stdio_usb/stdio_usb_descriptors.c.o
                0x000000001000623c                tud_descriptor_configuration_cb
 .text.tud_descriptor_string_cb
                0x0000000010006244       0x7c CMakeFiles/dht11_freertos.dir/home/charly/pico/pico-sdk/src/rp2_common/pico_stdio_usb/stdio_usb_descriptors.c.o
                0x0000000010006244                tud_descriptor_string_cb
 .text.startup._retrieve_unique_id_on_boot
                0x00000000100062c0       0x30 CMakeFiles/dht11_freertos.dir/home/charly/pico/pico-sdk/src/rp2_common/pico_unique_id/unique_id.c.o
 .text.pico_get_unique_board_id_string
                0x00000000100062f0      0x154 CMakeFiles/dht11_freertos.dir/home/charly/pico/pico-sdk/src/rp2_common/pico_unique_id/unique_id.c.o
                0x00000000100062f0                pico_get_unique_board_id_string
 .text.dcd_init
                0x0000000010006444       0x94 CMakeFiles/dht11_freertos.dir/home/charly/pico/pico-sdk/lib/tinyusb/src/portable/raspberrypi/rp2040/dcd_rp2040.c.o
                0x0000000010006444                dcd_init
 .text.dcd_int_enable
                0x00000000100064d8        0x8 CMakeFiles/dht11_freertos.dir/home/charly/pico/pico-sdk/lib/tinyusb/src/portable/raspberrypi/rp2040/dcd_rp2040.c.o
                0x00000000100064d8                dcd_int_enable
 .text.dcd_set_address
                0x00000000100064e0       0x10 CMakeFiles/dht11_freertos.dir/home/charly/pico/pico-sdk/lib/tinyusb/src/portable/raspberrypi/rp2040/dcd_rp2040.c.o
                0x00000000100064e0                dcd_set_address
 .text.dcd_sof_enable
                0x00000000100064f0       0x1c CMakeFiles/dht11_freertos.dir/home/charly/pico/pico-sdk/lib/tinyusb/src/portable/raspberrypi/rp2040/dcd_rp2040.c.o
                0x00000000100064f0                dcd_sof_enable
 .text.dcd_edpt0_status_complete
                0x000000001000650c       0x1c CMakeFiles/dht11_freertos.dir/home/charly/pico/pico-sdk/lib/tinyusb/src/portable/raspberrypi/rp2040/dcd_rp2040.c.o
                0x000000001000650c                dcd_edpt0_status_complete
 .text.dcd_edpt_open
                0x0000000010006528      0x10c CMakeFiles/dht11_freertos.dir/home/charly/pico/pico-sdk/lib/tinyusb/src/portable/raspberrypi/rp2040/dcd_rp2040.c.o
                0x0000000010006528                dcd_edpt_open
 .text.dcd_edpt_close_all
                0x0000000010006634        0x4 CMakeFiles/dht11_freertos.dir/home/charly/pico/pico-sdk/lib/tinyusb/src/portable/raspberrypi/rp2040/dcd_rp2040.c.o
                0x0000000010006634                dcd_edpt_close_all
 .text.dcd_edpt_xfer
                0x0000000010006638       0x24 CMakeFiles/dht11_freertos.dir/home/charly/pico/pico-sdk/lib/tinyusb/src/portable/raspberrypi/rp2040/dcd_rp2040.c.o
                0x0000000010006638                dcd_edpt_xfer
 .text.dcd_edpt_stall
                0x000000001000665c       0x30 CMakeFiles/dht11_freertos.dir/home/charly/pico/pico-sdk/lib/tinyusb/src/portable/raspberrypi/rp2040/dcd_rp2040.c.o
                0x000000001000665c                dcd_edpt_stall
 .text.dcd_edpt_clear_stall
                0x000000001000668c       0x2c CMakeFiles/dht11_freertos.dir/home/charly/pico/pico-sdk/lib/tinyusb/src/portable/raspberrypi/rp2040/dcd_rp2040.c.o
                0x000000001000668c                dcd_edpt_clear_stall
 .text.rp2040_usb_init
                0x00000000100066b8       0x40 CMakeFiles/dht11_freertos.dir/home/charly/pico/pico-sdk/lib/tinyusb/src/portable/raspberrypi/rp2040/rp2040_usb.c.o
                0x00000000100066b8                rp2040_usb_init
 .text.hw_endpoint_xfer_start
                0x00000000100066f8       0x4c CMakeFiles/dht11_freertos.dir/home/charly/pico/pico-sdk/lib/tinyusb/src/portable/raspberrypi/rp2040/rp2040_usb.c.o
                0x00000000100066f8                hw_endpoint_xfer_start
 .text.configuration_reset
                0x0000000010006744       0x8c CMakeFiles/dht11_freertos.dir/home/charly/pico/pico-sdk/lib/tinyusb/src/device/usbd.c.o
 .text.tud_event_hook_cb
                0x00000000100067d0        0x4 CMakeFiles/dht11_freertos.dir/home/charly/pico/pico-sdk/lib/tinyusb/src/device/usbd.c.o
                0x00000000100067d0                tud_event_hook_cb
 .text.tud_sof_cb
                0x00000000100067d4        0x4 CMakeFiles/dht11_freertos.dir/home/charly/pico/pico-sdk/lib/tinyusb/src/device/usbd.c.o
                0x00000000100067d4                tud_sof_cb
 .text.tud_descriptor_device_qualifier_cb
                0x00000000100067d8        0x4 CMakeFiles/dht11_freertos.dir/home/charly/pico/pico-sdk/lib/tinyusb/src/device/usbd.c.o
                0x00000000100067d8                tud_descriptor_device_qualifier_cb
 .text.tud_descriptor_other_speed_configuration_cb
                0x00000000100067dc        0x4 CMakeFiles/dht11_freertos.dir/home/charly/pico/pico-sdk/lib/tinyusb/src/device/usbd.c.o
                0x00000000100067dc                tud_descriptor_other_speed_configuration_cb
 .text.tud_mount_cb
                0x00000000100067e0        0x4 CMakeFiles/dht11_freertos.dir/home/charly/pico/pico-sdk/lib/tinyusb/src/device/usbd.c.o
                0x00000000100067e0                tud_mount_cb
 .text.tud_umount_cb
                0x00000000100067e4        0x4 CMakeFiles/dht11_freertos.dir/home/charly/pico/pico-sdk/lib/tinyusb/src/device/usbd.c.o
                0x00000000100067e4                tud_umount_cb
 .text.tud_suspend_cb
                0x00000000100067e8        0x4 CMakeFiles/dht11_freertos.dir/home/charly/pico/pico-sdk/lib/tinyusb/src/device/usbd.c.o
                0x00000000100067e8                tud_suspend_cb
 .text.tud_resume_cb
                0x00000000100067ec        0x4 CMakeFiles/dht11_freertos.dir/home/charly/pico/pico-sdk/lib/tinyusb/src/device/usbd.c.o
                0x00000000100067ec                tud_resume_cb
 .text.tud_mounted
                0x00000000100067f0       0x10 CMakeFiles/dht11_freertos.dir/home/charly/pico/pico-sdk/lib/tinyusb/src/device/usbd.c.o
                0x00000000100067f0                tud_mounted
 .text.tud_suspended
                0x0000000010006800       0x10 CMakeFiles/dht11_freertos.dir/home/charly/pico/pico-sdk/lib/tinyusb/src/device/usbd.c.o
                0x0000000010006800                tud_suspended
 .text.tud_rhport_init
                0x0000000010006810      0x10c CMakeFiles/dht11_freertos.dir/home/charly/pico/pico-sdk/lib/tinyusb/src/device/usbd.c.o
                0x0000000010006810                tud_rhport_init
 .text.tud_task_ext
                0x000000001000691c      0x7a4 CMakeFiles/dht11_freertos.dir/home/charly/pico/pico-sdk/lib/tinyusb/src/device/usbd.c.o
                0x000000001000691c                tud_task_ext
 .text.usbd_open_edpt_pair
                0x00000000100070c0       0x98 CMakeFiles/dht11_freertos.dir/home/charly/pico/pico-sdk/lib/tinyusb/src/device/usbd.c.o
                0x00000000100070c0                usbd_open_edpt_pair
 .text.usbd_edpt_open
                0x0000000010007158       0x44 CMakeFiles/dht11_freertos.dir/home/charly/pico/pico-sdk/lib/tinyusb/src/device/usbd.c.o
                0x0000000010007158                usbd_edpt_open
 .text.usbd_edpt_claim
                0x000000001000719c       0x20 CMakeFiles/dht11_freertos.dir/home/charly/pico/pico-sdk/lib/tinyusb/src/device/usbd.c.o
                0x000000001000719c                usbd_edpt_claim
 .text.usbd_edpt_release
                0x00000000100071bc       0x20 CMakeFiles/dht11_freertos.dir/home/charly/pico/pico-sdk/lib/tinyusb/src/device/usbd.c.o
                0x00000000100071bc                usbd_edpt_release
 .text.usbd_edpt_xfer
                0x00000000100071dc       0x64 CMakeFiles/dht11_freertos.dir/home/charly/pico/pico-sdk/lib/tinyusb/src/device/usbd.c.o
                0x00000000100071dc                usbd_edpt_xfer
 .text.tud_control_status
                0x0000000010007240       0x34 CMakeFiles/dht11_freertos.dir/home/charly/pico/pico-sdk/lib/tinyusb/src/device/usbd_control.c.o
                0x0000000010007240                tud_control_status
 .text.tud_control_xfer
                0x0000000010007274       0xbc CMakeFiles/dht11_freertos.dir/home/charly/pico/pico-sdk/lib/tinyusb/src/device/usbd_control.c.o
                0x0000000010007274                tud_control_xfer
 .text.usbd_control_reset
                0x0000000010007330       0x14 CMakeFiles/dht11_freertos.dir/home/charly/pico/pico-sdk/lib/tinyusb/src/device/usbd_control.c.o
                0x0000000010007330                usbd_control_reset
 .text.usbd_control_set_complete_callback
                0x0000000010007344        0xc CMakeFiles/dht11_freertos.dir/home/charly/pico/pico-sdk/lib/tinyusb/src/device/usbd_control.c.o
                0x0000000010007344                usbd_control_set_complete_callback
 .text.usbd_control_set_request
                0x0000000010007350       0x1c CMakeFiles/dht11_freertos.dir/home/charly/pico/pico-sdk/lib/tinyusb/src/device/usbd_control.c.o
                0x0000000010007350                usbd_control_set_request
 .text.usbd_control_xfer_cb
                0x000000001000736c      0x10c CMakeFiles/dht11_freertos.dir/home/charly/pico/pico-sdk/lib/tinyusb/src/device/usbd_control.c.o
                0x000000001000736c                usbd_control_xfer_cb
 .text.tud_cdc_n_connected
                0x0000000010007478       0x2c CMakeFiles/dht11_freertos.dir/home/charly/pico/pico-sdk/lib/tinyusb/src/class/cdc/cdc_device.c.o
                0x0000000010007478                tud_cdc_n_connected
 .text.tud_cdc_n_available
                0x00000000100074a4       0x18 CMakeFiles/dht11_freertos.dir/home/charly/pico/pico-sdk/lib/tinyusb/src/class/cdc/cdc_device.c.o
                0x00000000100074a4                tud_cdc_n_available
 .text.tud_cdc_n_read
                0x00000000100074bc       0x90 CMakeFiles/dht11_freertos.dir/home/charly/pico/pico-sdk/lib/tinyusb/src/class/cdc/cdc_device.c.o
                0x00000000100074bc                tud_cdc_n_read
 .text.tud_cdc_n_write_flush
                0x000000001000754c       0x88 CMakeFiles/dht11_freertos.dir/home/charly/pico/pico-sdk/lib/tinyusb/src/class/cdc/cdc_device.c.o
                0x000000001000754c                tud_cdc_n_write_flush
 .text.tud_cdc_n_write
                0x00000000100075d4       0x44 CMakeFiles/dht11_freertos.dir/home/charly/pico/pico-sdk/lib/tinyusb/src/class/cdc/cdc_device.c.o
                0x00000000100075d4                tud_cdc_n_write
 .text.tud_cdc_n_write_available
                0x0000000010007618       0x18 CMakeFiles/dht11_freertos.dir/home/charly/pico/pico-sdk/lib/tinyusb/src/class/cdc/cdc_device.c.o
                0x0000000010007618                tud_cdc_n_write_available
 .text.cdcd_init
                0x0000000010007630       0x74 CMakeFiles/dht11_freertos.dir/home/charly/pico/pico-sdk/lib/tinyusb/src/class/cdc/cdc_device.c.o
                0x0000000010007630                cdcd_init
 .text.cdcd_deinit
                0x00000000100076a4       0x20 CMakeFiles/dht11_freertos.dir/home/charly/pico/pico-sdk/lib/tinyusb/src/class/cdc/cdc_device.c.o
                0x00000000100076a4                cdcd_deinit
 .text.cdcd_reset
                0x00000000100076c4       0x4c CMakeFiles/dht11_freertos.dir/home/charly/pico/pico-sdk/lib/tinyusb/src/class/cdc/cdc_device.c.o
                0x00000000100076c4                cdcd_reset
 .text.cdcd_open
                0x0000000010007710      0x10c CMakeFiles/dht11_freertos.dir/home/charly/pico/pico-sdk/lib/tinyusb/src/class/cdc/cdc_device.c.o
                0x0000000010007710                cdcd_open
 .text.cdcd_control_xfer_cb
                0x000000001000781c       0xc4 CMakeFiles/dht11_freertos.dir/home/charly/pico/pico-sdk/lib/tinyusb/src/class/cdc/cdc_device.c.o
                0x000000001000781c                cdcd_control_xfer_cb
 .text.cdcd_xfer_cb
                0x00000000100078e0      0x19c CMakeFiles/dht11_freertos.dir/home/charly/pico/pico-sdk/lib/tinyusb/src/class/cdc/cdc_device.c.o
                0x00000000100078e0                cdcd_xfer_cb
 .text.vendord_init
                0x0000000010007a7c       0x5c CMakeFiles/dht11_freertos.dir/home/charly/pico/pico-sdk/lib/tinyusb/src/class/vendor/vendor_device.c.o
                0x0000000010007a7c                vendord_init
 .text.vendord_deinit
                0x0000000010007ad8       0x1c CMakeFiles/dht11_freertos.dir/home/charly/pico/pico-sdk/lib/tinyusb/src/class/vendor/vendor_device.c.o
                0x0000000010007ad8                vendord_deinit
 .text.vendord_reset
                0x0000000010007af4       0x24 CMakeFiles/dht11_freertos.dir/home/charly/pico/pico-sdk/lib/tinyusb/src/class/vendor/vendor_device.c.o
                0x0000000010007af4                vendord_reset
 .text.vendord_open
                0x0000000010007b18       0xfc CMakeFiles/dht11_freertos.dir/home/charly/pico/pico-sdk/lib/tinyusb/src/class/vendor/vendor_device.c.o
                0x0000000010007b18                vendord_open
 .text.vendord_xfer_cb
                0x0000000010007c14       0x8c CMakeFiles/dht11_freertos.dir/home/charly/pico/pico-sdk/lib/tinyusb/src/class/vendor/vendor_device.c.o
                0x0000000010007c14                vendord_xfer_cb
 .text.tusb_rhport_init
                0x0000000010007ca0       0x6c CMakeFiles/dht11_freertos.dir/home/charly/pico/pico-sdk/lib/tinyusb/src/tusb.c.o
                0x0000000010007ca0                tusb_rhport_init
 .text.tu_edpt_claim
                0x0000000010007d0c       0x54 CMakeFiles/dht11_freertos.dir/home/charly/pico/pico-sdk/lib/tinyusb/src/tusb.c.o
                0x0000000010007d0c                tu_edpt_claim
 .text.tu_edpt_release
                0x0000000010007d60       0x38 CMakeFiles/dht11_freertos.dir/home/charly/pico/pico-sdk/lib/tinyusb/src/tusb.c.o
                0x0000000010007d60                tu_edpt_release
 .text.tu_edpt_validate
                0x0000000010007d98       0x68 CMakeFiles/dht11_freertos.dir/home/charly/pico/pico-sdk/lib/tinyusb/src/tusb.c.o
                0x0000000010007d98                tu_edpt_validate
 .text.tu_edpt_bind_driver
                0x0000000010007e00       0x38 CMakeFiles/dht11_freertos.dir/home/charly/pico/pico-sdk/lib/tinyusb/src/tusb.c.o
                0x0000000010007e00                tu_edpt_bind_driver
 .text.tu_edpt_stream_init
                0x0000000010007e38       0x58 CMakeFiles/dht11_freertos.dir/home/charly/pico/pico-sdk/lib/tinyusb/src/tusb.c.o
                0x0000000010007e38                tu_edpt_stream_init
 .text.tu_edpt_stream_deinit
                0x0000000010007e90        0x4 CMakeFiles/dht11_freertos.dir/home/charly/pico/pico-sdk/lib/tinyusb/src/tusb.c.o
                0x0000000010007e90                tu_edpt_stream_deinit
 .text.tu_edpt_stream_write_zlp_if_needed
                0x0000000010007e94       0x68 CMakeFiles/dht11_freertos.dir/home/charly/pico/pico-sdk/lib/tinyusb/src/tusb.c.o
                0x0000000010007e94                tu_edpt_stream_write_zlp_if_needed
 .text.tu_edpt_stream_write_xfer
                0x0000000010007efc       0x74 CMakeFiles/dht11_freertos.dir/home/charly/pico/pico-sdk/lib/tinyusb/src/tusb.c.o
                0x0000000010007efc                tu_edpt_stream_write_xfer
 .text.tu_edpt_stream_read_xfer
                0x0000000010007f70       0xd4 CMakeFiles/dht11_freertos.dir/home/charly/pico/pico-sdk/lib/tinyusb/src/tusb.c.o
                0x0000000010007f70                tu_edpt_stream_read_xfer
 .text.tu_fifo_config
                0x0000000010008044       0x64 CMakeFiles/dht11_freertos.dir/home/charly/pico/pico-sdk/lib/tinyusb/src/common/tusb_fifo.c.o
                0x0000000010008044                tu_fifo_config
 .text.tu_fifo_count
                0x00000000100080a8       0x20 CMakeFiles/dht11_freertos.dir/home/charly/pico/pico-sdk/lib/tinyusb/src/common/tusb_fifo.c.o
                0x00000000100080a8                tu_fifo_count
 .text.tu_fifo_empty
                0x00000000100080c8       0x14 CMakeFiles/dht11_freertos.dir/home/charly/pico/pico-sdk/lib/tinyusb/src/common/tusb_fifo.c.o
                0x00000000100080c8                tu_fifo_empty
 .text.tu_fifo_remaining
                0x00000000100080dc       0x24 CMakeFiles/dht11_freertos.dir/home/charly/pico/pico-sdk/lib/tinyusb/src/common/tusb_fifo.c.o
                0x00000000100080dc                tu_fifo_remaining
 .text.tu_fifo_read
                0x0000000010008100       0x94 CMakeFiles/dht11_freertos.dir/home/charly/pico/pico-sdk/lib/tinyusb/src/common/tusb_fifo.c.o
                0x0000000010008100                tu_fifo_read
 .text.tu_fifo_read_n
                0x0000000010008194       0xd8 CMakeFiles/dht11_freertos.dir/home/charly/pico/pico-sdk/lib/tinyusb/src/common/tusb_fifo.c.o
                0x0000000010008194                tu_fifo_read_n
 .text.tu_fifo_write
                0x000000001000826c       0x84 CMakeFiles/dht11_freertos.dir/home/charly/pico/pico-sdk/lib/tinyusb/src/common/tusb_fifo.c.o
                0x000000001000826c                tu_fifo_write
 .text.tu_fifo_write_n
                0x00000000100082f0      0x13c CMakeFiles/dht11_freertos.dir/home/charly/pico/pico-sdk/lib/tinyusb/src/common/tusb_fifo.c.o
                0x00000000100082f0                tu_fifo_write_n
 .text.tu_fifo_clear
                0x000000001000842c       0x38 CMakeFiles/dht11_freertos.dir/home/charly/pico/pico-sdk/lib/tinyusb/src/common/tusb_fifo.c.o
                0x000000001000842c                tu_fifo_clear
 .text.tu_fifo_set_overwritable
                0x0000000010008464       0x3c CMakeFiles/dht11_freertos.dir/home/charly/pico/pico-sdk/lib/tinyusb/src/common/tusb_fifo.c.o
                0x0000000010008464                tu_fifo_set_overwritable
 .text          0x00000000100084a0       0xec /usr/lib/gcc/arm-none-eabi/9.2.1/../../../arm-none-eabi/lib/thumb/v8-m.main+fp/softfp/libg.a(lib_a-memcpy.o)
                0x00000000100084a0                memcpy
 .text          0x000000001000858c       0xa0 /usr/lib/gcc/arm-none-eabi/9.2.1/../../../arm-none-eabi/lib/thumb/v8-m.main+fp/softfp/libg.a(lib_a-memset.o)
                0x000000001000858c                memset
 .text          0x000000001000862c       0x5c /usr/lib/gcc/arm-none-eabi/9.2.1/../../../arm-none-eabi/lib/thumb/v8-m.main+fp/softfp/libg.a(lib_a-strlen-stub.o)
                0x000000001000862c                strlen
 *(.fini)
 .fini          0x0000000010008688        0x4 /usr/lib/gcc/arm-none-eabi/9.2.1/thumb/v8-m.main+fp/softfp/crti.o
                0x0000000010008688                _fini
 *fill*         0x000000001000868c        0x4 
 .fini.__stub   0x0000000010008690       0xd0 linker stubs
 *crtbegin.o(.ctors)
 *crtbegin?.o(.ctors)
 *(EXCLUDE_FILE(*crtend.o *crtend?.o) .ctors)
 *(SORT_BY_NAME(.ctors.*))
 *(.ctors)
 *crtbegin.o(.dtors)
 *crtbegin?.o(.dtors)
 *(EXCLUDE_FILE(*crtend.o *crtend?.o) .dtors)
 *(SORT_BY_NAME(.dtors.*))
 *(.dtors)
                0x0000000010008760                . = ALIGN (0x4)
                0x0000000010008760                PROVIDE (__preinit_array_start = .)
 *(SORT_BY_NAME(.preinit_array.*))
 .preinit_array.00050
                0x0000000010008760        0x4 CMakeFiles/dht11_freertos.dir/home/charly/pico/pico-sdk/src/rp2_common/pico_runtime_init/runtime_init.c.o
                0x0000000010008760                __pre_init_runtime_init_bootrom_reset
 .preinit_array.00100
                0x0000000010008764        0x4 CMakeFiles/dht11_freertos.dir/home/charly/pico/pico-sdk/src/rp2_common/pico_runtime_init/runtime_init.c.o
                0x0000000010008764                __pre_init_runtime_init_early_resets
 .preinit_array.00101
                0x0000000010008768        0x4 CMakeFiles/dht11_freertos.dir/home/charly/pico/pico-sdk/src/rp2_common/pico_runtime_init/runtime_init.c.o
                0x0000000010008768                __pre_init_runtime_init_usb_power_down
 .preinit_array.00500
                0x000000001000876c        0x4 CMakeFiles/dht11_freertos.dir/home/charly/pico/pico-sdk/src/rp2_common/pico_runtime_init/runtime_init.c.o
                0x000000001000876c                __pre_init_runtime_init_clocks
 .preinit_array.00600
                0x0000000010008770        0x4 CMakeFiles/dht11_freertos.dir/home/charly/pico/pico-sdk/src/rp2_common/pico_runtime_init/runtime_init.c.o
                0x0000000010008770                __pre_init_runtime_init_post_clock_resets
 .preinit_array.01000
                0x0000000010008774        0x4 CMakeFiles/dht11_freertos.dir/home/charly/pico/pico-sdk/src/rp2_common/hardware_boot_lock/boot_lock.c.o
                0x0000000010008774                __pre_init_runtime_init_boot_locks_reset
 .preinit_array.01000
                0x0000000010008778        0x4 CMakeFiles/dht11_freertos.dir/home/charly/pico/pico-sdk/src/rp2_common/pico_runtime_init/runtime_init.c.o
                0x0000000010008778                __pre_init_runtime_init_spin_locks_reset
 .preinit_array.01010
                0x000000001000877c        0x4 CMakeFiles/dht11_freertos.dir/home/charly/pico/pico-sdk/src/rp2_common/pico_bootrom/bootrom_lock.c.o
                0x000000001000877c                __pre_init_runtime_init_bootrom_locking_enable
 .preinit_array.01100
                0x0000000010008780        0x4 CMakeFiles/dht11_freertos.dir/home/charly/pico/pico-sdk/src/common/pico_sync/mutex.c.o
                0x0000000010008780                __pre_init_runtime_init_mutex
 .preinit_array.10080
                0x0000000010008784        0x4 CMakeFiles/dht11_freertos.dir/home/charly/pico/pico-sdk/src/rp2_common/pico_runtime_init/runtime_init.c.o
                0x0000000010008784                __pre_init_runtime_init_install_ram_vector_table
 .preinit_array.11000
                0x0000000010008788        0x4 CMakeFiles/dht11_freertos.dir/home/charly/pico/pico-sdk/src/common/pico_time/time.c.o
                0x0000000010008788                __pre_init_runtime_init_default_alarm_pool
 .preinit_array.YYYYY
                0x000000001000878c        0x4 CMakeFiles/dht11_freertos.dir/home/charly/pico/pico-sdk/src/rp2_common/pico_runtime/runtime.c.o
                0x000000001000878c                __pre_init_first_per_core_initializer
 .preinit_array.ZZZZZ.00051
                0x0000000010008790        0x4 CMakeFiles/dht11_freertos.dir/home/charly/pico/pico-sdk/src/rp2_common/pico_runtime_init/runtime_init.c.o
                0x0000000010008790                __pre_init_runtime_init_per_core_bootrom_reset
 .preinit_array.ZZZZZ.00200
                0x0000000010008794        0x4 CMakeFiles/dht11_freertos.dir/home/charly/pico/pico-sdk/src/rp2_common/pico_runtime_init/runtime_init.c.o
                0x0000000010008794                __pre_init_runtime_init_per_core_enable_coprocessors
 .preinit_array.ZZZZZ.01000
                0x0000000010008798        0x4 CMakeFiles/dht11_freertos.dir/home/charly/pico/pico-sdk/src/rp2_common/hardware_sync_spin_lock/sync_spin_lock.c.o
                0x0000000010008798                __pre_init_spinlock_set_extexclall
 .preinit_array.ZZZZZ.01200
                0x000000001000879c        0x4 CMakeFiles/dht11_freertos.dir/home/charly/pico/pico-sdk/src/rp2_common/hardware_irq/irq.c.o
                0x000000001000879c                __pre_init_runtime_init_per_core_irq_priorities
 *(.preinit_array)
                0x00000000100087a0                PROVIDE (__preinit_array_end = .)
                0x00000000100087a0                . = ALIGN (0x4)
                0x00000000100087a0                PROVIDE (__init_array_start = .)
 *(SORT_BY_NAME(.init_array.*))
 .init_array.01000
                0x00000000100087a0        0x4 CMakeFiles/dht11_freertos.dir/home/charly/pico/pico-sdk/src/rp2_common/pico_unique_id/unique_id.c.o
 *(.init_array)
 .init_array    0x00000000100087a4        0x4 /usr/lib/gcc/arm-none-eabi/9.2.1/thumb/v8-m.main+fp/softfp/crtbegin.o
 .init_array    0x00000000100087a8        0x4 CMakeFiles/dht11_freertos.dir/FreeRTOS-Kernel/portable/ThirdParty/GCC/RP2350_ARM_NTZ/non_secure/port.c.o
                0x00000000100087ac                PROVIDE (__init_array_end = .)
                0x00000000100087ac                . = ALIGN (0x4)
                0x00000000100087ac                PROVIDE (__fini_array_start = .)
 *(SORT_BY_NAME(.fini_array.*))
 *(.fini_array)
                0x00000000100087ac                PROVIDE (__fini_array_end = .)
 *(.eh_frame*)
 .eh_frame      0x00000000100087ac        0x0 /usr/lib/gcc/arm-none-eabi/9.2.1/thumb/v8-m.main+fp/softfp/crtbegin.o
                0x00000000100087ac                . = ALIGN (0x4)

.glue_7         0x00000000100087ac        0x0
 .glue_7        0x00000000100087ac        0x0 linker stubs

.glue_7t        0x00000000100087ac        0x0
 .glue_7t       0x00000000100087ac        0x0 linker stubs

.vfp11_veneer   0x00000000100087ac        0x0
 .vfp11_veneer  0x00000000100087ac        0x0 linker stubs

.v4_bx          0x00000000100087ac        0x0
 .v4_bx         0x00000000100087ac        0x0 linker stubs

.iplt           0x00000000100087ac        0x0
 .iplt          0x00000000100087ac        0x0 /usr/lib/gcc/arm-none-eabi/9.2.1/thumb/v8-m.main+fp/softfp/crtbegin.o

.boot2          0x00000000100087ac        0x0
                0x00000000100087ac                __boot2_start__ = .
 *(.boot2)
                0x00000000100087ac                __boot2_end__ = .
                0x0000000000000001                ASSERT (((__boot2_end__ - __boot2_start__) <= 0x100), ERROR: Pico second stage bootloader must be no more than 256 bytes in size)

.rodata         0x00000000100087b0      0x4f0
 *(EXCLUDE_FILE(*libm.a: *libc.a:*lib_a-mem*.o *libgcc.a:) .rodata*)
 .rodata.dht_task.str1.4
                0x00000000100087b0       0x69 CMakeFiles/dht11_freertos.dir/src/main.c.o
 *fill*         0x0000000010008819        0x3 
 .rodata.main.str1.4
                0x000000001000881c       0x1d CMakeFiles/dht11_freertos.dir/src/main.c.o
 *fill*         0x0000000010008839        0x3 
 .rodata.dht_program
                0x000000001000883c        0x8 CMakeFiles/dht11_freertos.dir/dht/dht.c.o
 .rodata.dht_program_instructions
                0x0000000010008844       0x22 CMakeFiles/dht11_freertos.dir/dht/dht.c.o
 *fill*         0x0000000010008866        0x2 
 .rodata.panic.str1.4
                0x0000000010008868       0x10 CMakeFiles/dht11_freertos.dir/home/charly/pico/pico-sdk/src/rp2_common/pico_platform_panic/panic.c.o
                                         0x12 (size before relaxing)
 .rodata.spin_lock_claim_unused.str1.4
                0x0000000010008878       0x1b CMakeFiles/dht11_freertos.dir/home/charly/pico/pico-sdk/src/rp2_common/hardware_sync/sync.c.o
 *fill*         0x0000000010008893        0x1 
 .rodata.user_irq_claim_unused.str1.4
                0x0000000010008894       0x1b CMakeFiles/dht11_freertos.dir/home/charly/pico/pico-sdk/src/rp2_common/hardware_irq/irq.c.o
 *fill*         0x00000000100088af        0x1 
 .rodata.timer_hardware_alarm_claim.str1.4
                0x00000000100088b0       0x22 CMakeFiles/dht11_freertos.dir/home/charly/pico/pico-sdk/src/rp2_common/hardware_timer/timer.c.o
 *fill*         0x00000000100088d2        0x2 
 .rodata.dma_claim_unused_channel.str1.4
                0x00000000100088d4       0x1e CMakeFiles/dht11_freertos.dir/home/charly/pico/pico-sdk/src/rp2_common/hardware_dma/dma.c.o
 *fill*         0x00000000100088f2        0x2 
 .rodata.pio_claim_unused_sm.str1.4
                0x00000000100088f4       0x24 CMakeFiles/dht11_freertos.dir/home/charly/pico/pico-sdk/src/rp2_common/hardware_pio/pio.c.o
 .rodata.xTimerCreateTimerTask.str1.4
                0x0000000010008918       0x10 CMakeFiles/dht11_freertos.dir/FreeRTOS-Kernel/timers.c.o
 .rodata.multicore_doorbell_claim_unused.str1.4
                0x0000000010008928       0x12 CMakeFiles/dht11_freertos.dir/home/charly/pico/pico-sdk/src/rp2_common/pico_multicore/multicore.c.o
 *fill*         0x000000001000893a        0x2 
 .rodata.hard_assertion_failure.str1.4
                0x000000001000893c        0xc CMakeFiles/dht11_freertos.dir/home/charly/pico/pico-sdk/src/rp2_common/pico_runtime/runtime.c.o
 .rodata.str1.4
                0x0000000010008948       0x44 CMakeFiles/dht11_freertos.dir/home/charly/pico/pico-sdk/src/rp2_common/pico_standard_binary_info/standard_binary_info.c.o
 .rodata.__bi_26
                0x000000001000898c        0xc CMakeFiles/dht11_freertos.dir/home/charly/pico/pico-sdk/src/rp2_common/pico_standard_binary_info/standard_binary_info.c.o
 .rodata.__bi_34
                0x0000000010008998        0xc CMakeFiles/dht11_freertos.dir/home/charly/pico/pico-sdk/src/rp2_common/pico_standard_binary_info/standard_binary_info.c.o
 .rodata.__bi_42
                0x00000000100089a4        0xc CMakeFiles/dht11_freertos.dir/home/charly/pico/pico-sdk/src/rp2_common/pico_standard_binary_info/standard_binary_info.c.o
 .rodata.__bi_48
                0x00000000100089b0        0xc CMakeFiles/dht11_freertos.dir/home/charly/pico/pico-sdk/src/rp2_common/pico_standard_binary_info/standard_binary_info.c.o
 .rodata.__bi_54
                0x00000000100089bc        0xc CMakeFiles/dht11_freertos.dir/home/charly/pico/pico-sdk/src/rp2_common/pico_standard_binary_info/standard_binary_info.c.o
 .rodata.__bi_78
                0x00000000100089c8        0xc CMakeFiles/dht11_freertos.dir/home/charly/pico/pico-sdk/src/rp2_common/pico_standard_binary_info/standard_binary_info.c.o
 .rodata.__bi_84
                0x00000000100089d4        0xc CMakeFiles/dht11_freertos.dir/home/charly/pico/pico-sdk/src/rp2_common/pico_standard_binary_info/standard_binary_info.c.o
 .rodata._ftoa.str1.4
                0x00000000100089e0       0x15 CMakeFiles/dht11_freertos.dir/home/charly/pico/pico-sdk/src/rp2_common/pico_printf/printf.c.o
 *fill*         0x00000000100089f5        0x3 
 .rodata.pow10.6853
                0x00000000100089f8       0x50 CMakeFiles/dht11_freertos.dir/home/charly/pico/pico-sdk/src/rp2_common/pico_printf/printf.c.o
 .rodata.crlf_str.7606
                0x0000000010008a48        0x2 CMakeFiles/dht11_freertos.dir/home/charly/pico/pico-sdk/src/rp2_common/pico_stdio/stdio.c.o
 *fill*         0x0000000010008a4a        0x2 
 .rodata._resetd_driver
                0x0000000010008a4c       0x20 CMakeFiles/dht11_freertos.dir/home/charly/pico/pico-sdk/src/rp2_common/pico_stdio_usb/reset_interface.c.o
 .rodata.desc_bos
                0x0000000010008a6c       0x21 CMakeFiles/dht11_freertos.dir/home/charly/pico/pico-sdk/src/rp2_common/pico_stdio_usb/reset_interface.c.o
                0x0000000010008a6c                desc_bos
 *fill*         0x0000000010008a8d        0x3 
 .rodata.desc_ms_os_20
                0x0000000010008a90       0xa6 CMakeFiles/dht11_freertos.dir/home/charly/pico/pico-sdk/src/rp2_common/pico_stdio_usb/reset_interface.c.o
 *fill*         0x0000000010008b36        0x2 
 .rodata.str1.4
                0x0000000010008b38       0x13 CMakeFiles/dht11_freertos.dir/home/charly/pico/pico-sdk/src/rp2_common/pico_stdio_usb/stdio_usb.c.o
 *fill*         0x0000000010008b4b        0x1 
 .rodata.__bi_202.9625
                0x0000000010008b4c        0xc CMakeFiles/dht11_freertos.dir/home/charly/pico/pico-sdk/src/rp2_common/pico_stdio_usb/stdio_usb.c.o
 .rodata.str1.4
                0x0000000010008b58       0x2a CMakeFiles/dht11_freertos.dir/home/charly/pico/pico-sdk/src/rp2_common/pico_stdio_usb/stdio_usb_descriptors.c.o
 *fill*         0x0000000010008b82        0x2 
 .rodata.usbd_desc_cfg
                0x0000000010008b84       0x54 CMakeFiles/dht11_freertos.dir/home/charly/pico/pico-sdk/src/rp2_common/pico_stdio_usb/stdio_usb_descriptors.c.o
 .rodata.usbd_desc_device
                0x0000000010008bd8       0x12 CMakeFiles/dht11_freertos.dir/home/charly/pico/pico-sdk/src/rp2_common/pico_stdio_usb/stdio_usb_descriptors.c.o
 *fill*         0x0000000010008bea        0x2 
 .rodata.usbd_desc_str
                0x0000000010008bec       0x18 CMakeFiles/dht11_freertos.dir/home/charly/pico/pico-sdk/src/rp2_common/pico_stdio_usb/stdio_usb_descriptors.c.o
 .rodata.str1.4
                0x0000000010008c04       0x14 CMakeFiles/dht11_freertos.dir/home/charly/pico/pico-sdk/lib/tinyusb/src/portable/raspberrypi/rp2040/dcd_rp2040.c.o
 .rodata.str1.4
                0x0000000010008c18       0x48 CMakeFiles/dht11_freertos.dir/home/charly/pico/pico-sdk/lib/tinyusb/src/portable/raspberrypi/rp2040/rp2040_usb.c.o
 .rodata._usbd_driver
                0x0000000010008c60       0x40 CMakeFiles/dht11_freertos.dir/home/charly/pico/pico-sdk/lib/tinyusb/src/device/usbd.c.o
 *(.srodata*)
                0x0000000010008ca0                . = ALIGN (0x4)
 *(SORT_BY_ALIGNMENT(SORT_BY_NAME(.flashdata*)))
                0x0000000010008ca0                . = ALIGN (0x4)

.ARM.extab
 *(.ARM.extab* .gnu.linkonce.armextab.*)
                0x0000000010008ca0                __exidx_start = .

.ARM.exidx      0x0000000010008ca0        0x8
 *(.ARM.exidx* .gnu.linkonce.armexidx.*)
 .ARM.exidx     0x0000000010008ca0        0x8 /usr/lib/gcc/arm-none-eabi/9.2.1/thumb/v8-m.main+fp/softfp/libgcc.a(_udivmoddi4.o)
                0x0000000010008ca8                __exidx_end = .
                0x0000000010008ca8                . = ALIGN (0x4)
                0x0000000010008ca8                __binary_info_start = .

.binary_info    0x0000000010008ca8       0x20
 *(.binary_info.keep.*)
 .binary_info.keep.__bi_ptr26
                0x0000000010008ca8        0x4 CMakeFiles/dht11_freertos.dir/home/charly/pico/pico-sdk/src/rp2_common/pico_standard_binary_info/standard_binary_info.c.o
 .binary_info.keep.__bi_ptr34
                0x0000000010008cac        0x4 CMakeFiles/dht11_freertos.dir/home/charly/pico/pico-sdk/src/rp2_common/pico_standard_binary_info/standard_binary_info.c.o
 .binary_info.keep.__bi_ptr42
                0x0000000010008cb0        0x4 CMakeFiles/dht11_freertos.dir/home/charly/pico/pico-sdk/src/rp2_common/pico_standard_binary_info/standard_binary_info.c.o
 .binary_info.keep.__bi_ptr48
                0x0000000010008cb4        0x4 CMakeFiles/dht11_freertos.dir/home/charly/pico/pico-sdk/src/rp2_common/pico_standard_binary_info/standard_binary_info.c.o
 .binary_info.keep.__bi_ptr54
                0x0000000010008cb8        0x4 CMakeFiles/dht11_freertos.dir/home/charly/pico/pico-sdk/src/rp2_common/pico_standard_binary_info/standard_binary_info.c.o
 .binary_info.keep.__bi_ptr78
                0x0000000010008cbc        0x4 CMakeFiles/dht11_freertos.dir/home/charly/pico/pico-sdk/src/rp2_common/pico_standard_binary_info/standard_binary_info.c.o
 .binary_info.keep.__bi_ptr84
                0x0000000010008cc0        0x4 CMakeFiles/dht11_freertos.dir/home/charly/pico/pico-sdk/src/rp2_common/pico_standard_binary_info/standard_binary_info.c.o
 *(.binary_info.*)
 .binary_info.__bi_ptr202
                0x0000000010008cc4        0x4 CMakeFiles/dht11_freertos.dir/home/charly/pico/pico-sdk/src/rp2_common/pico_stdio_usb/stdio_usb.c.o
                0x0000000010008cc8                __binary_info_end = .
                0x0000000010008cc8                . = ALIGN (0x4)

.ram_vector_table
                0x0000000020000000      0x110
 *(.ram_vector_table)
 .ram_vector_table
                0x0000000020000000      0x110 CMakeFiles/dht11_freertos.dir/home/charly/pico/pico-sdk/src/rp2_common/pico_runtime_init/runtime_init.c.o
                0x0000000020000000                ram_vector_table

.uninitialized_data
                0x0000000020000110        0x0
                0x0000000020000110                . = ALIGN (0x4)
 *(.uninitialized_data*)

.data           0x0000000020000110     0x1510 load address 0x0000000010008cc8
                0x0000000020000110                __data_start__ = .
 *(vtable)
 *(.time_critical*)
 .time_critical.mutex_try_enter
                0x0000000020000110       0x4c CMakeFiles/dht11_freertos.dir/home/charly/pico/pico-sdk/src/common/pico_sync/mutex.c.o
                0x0000000020000110                mutex_try_enter
 .time_critical.mutex_try_enter_block_until
                0x000000002000015c       0xac CMakeFiles/dht11_freertos.dir/home/charly/pico/pico-sdk/src/common/pico_sync/mutex.c.o
                0x000000002000015c                mutex_try_enter_block_until
 .time_critical.mutex_enter_timeout_ms
                0x0000000020000208       0x74 CMakeFiles/dht11_freertos.dir/home/charly/pico/pico-sdk/src/common/pico_sync/mutex.c.o
                0x0000000020000208                mutex_enter_timeout_ms
 .time_critical.mutex_exit
                0x000000002000027c       0x2c CMakeFiles/dht11_freertos.dir/home/charly/pico/pico-sdk/src/common/pico_sync/mutex.c.o
                0x000000002000027c                mutex_exit
 .time_critical.reset_non_control_endpoints
                0x00000000200002a8       0x84 CMakeFiles/dht11_freertos.dir/home/charly/pico/pico-sdk/lib/tinyusb/src/portable/raspberrypi/rp2040/dcd_rp2040.c.o
 .time_critical.hw_handle_buff_status
                0x000000002000032c       0xa0 CMakeFiles/dht11_freertos.dir/home/charly/pico/pico-sdk/lib/tinyusb/src/portable/raspberrypi/rp2040/dcd_rp2040.c.o
 .time_critical.dcd_rp2040_irq
                0x00000000200003cc      0x50c CMakeFiles/dht11_freertos.dir/home/charly/pico/pico-sdk/lib/tinyusb/src/portable/raspberrypi/rp2040/dcd_rp2040.c.o
 .time_critical.prepare_ep_buffer
                0x00000000200008d8       0xc8 CMakeFiles/dht11_freertos.dir/home/charly/pico/pico-sdk/lib/tinyusb/src/portable/raspberrypi/rp2040/rp2040_usb.c.o
 .time_critical.sync_ep_buffer
                0x00000000200009a0       0xac CMakeFiles/dht11_freertos.dir/home/charly/pico/pico-sdk/lib/tinyusb/src/portable/raspberrypi/rp2040/rp2040_usb.c.o
 .time_critical._hw_endpoint_xfer_sync
                0x0000000020000a4c       0x2c CMakeFiles/dht11_freertos.dir/home/charly/pico/pico-sdk/lib/tinyusb/src/portable/raspberrypi/rp2040/rp2040_usb.c.o
 .time_critical.e15_is_bulkin_ep
                0x0000000020000a78       0x28 CMakeFiles/dht11_freertos.dir/home/charly/pico/pico-sdk/lib/tinyusb/src/portable/raspberrypi/rp2040/rp2040_usb.c.o
 .time_critical.e15_is_critical_frame_period
                0x0000000020000aa0       0x30 CMakeFiles/dht11_freertos.dir/home/charly/pico/pico-sdk/lib/tinyusb/src/portable/raspberrypi/rp2040/rp2040_usb.c.o
 .time_critical.hw_endpoint_reset_transfer
                0x0000000020000ad0        0xc CMakeFiles/dht11_freertos.dir/home/charly/pico/pico-sdk/lib/tinyusb/src/portable/raspberrypi/rp2040/rp2040_usb.c.o
                0x0000000020000ad0                hw_endpoint_reset_transfer
 .time_critical._hw_endpoint_buffer_control_update32
                0x0000000020000adc       0x44 CMakeFiles/dht11_freertos.dir/home/charly/pico/pico-sdk/lib/tinyusb/src/portable/raspberrypi/rp2040/rp2040_usb.c.o
                0x0000000020000adc                _hw_endpoint_buffer_control_update32
 .time_critical.hw_endpoint_start_next_buffer
                0x0000000020000b20       0x64 CMakeFiles/dht11_freertos.dir/home/charly/pico/pico-sdk/lib/tinyusb/src/portable/raspberrypi/rp2040/rp2040_usb.c.o
                0x0000000020000b20                hw_endpoint_start_next_buffer
 .time_critical.hw_endpoint_xfer_continue
                0x0000000020000b84       0x40 CMakeFiles/dht11_freertos.dir/home/charly/pico/pico-sdk/lib/tinyusb/src/portable/raspberrypi/rp2040/rp2040_usb.c.o
                0x0000000020000b84                hw_endpoint_xfer_continue
 .time_critical.tinyusb
                0x0000000020000bc4      0x214 CMakeFiles/dht11_freertos.dir/home/charly/pico/pico-sdk/lib/tinyusb/src/device/usbd.c.o
                0x0000000020000bc4                dcd_event_handler
 *(.text*)
 .text          0x0000000020000dd8      0x378 /usr/lib/gcc/arm-none-eabi/9.2.1/thumb/v8-m.main+fp/softfp/libgcc.a(_arm_addsubdf3.o)
                0x0000000020000dd8                __aeabi_drsub
                0x0000000020000de0                __aeabi_dsub
                0x0000000020000de0                __subdf3
                0x0000000020000de4                __adddf3
                0x0000000020000de4                __aeabi_dadd
                0x000000002000105c                __aeabi_ui2d
                0x000000002000105c                __floatunsidf
                0x000000002000107c                __floatsidf
                0x000000002000107c                __aeabi_i2d
                0x00000000200010a0                __extendsfdf2
                0x00000000200010a0                __aeabi_f2d
                0x00000000200010e4                __aeabi_ul2d
                0x00000000200010e4                __floatundidf
                0x00000000200010f4                __floatdidf
                0x00000000200010f4                __aeabi_l2d
 .text          0x0000000020001150       0xa0 /usr/lib/gcc/arm-none-eabi/9.2.1/thumb/v8-m.main+fp/softfp/libgcc.a(_aeabi_ldivmod.o)
                0x0000000020001150                __aeabi_ldivmod
 .text          0x00000000200011f0       0x30 /usr/lib/gcc/arm-none-eabi/9.2.1/thumb/v8-m.main+fp/softfp/libgcc.a(_aeabi_uldivmod.o)
                0x00000000200011f0                __aeabi_uldivmod
 .text          0x0000000020001220      0x2c0 /usr/lib/gcc/arm-none-eabi/9.2.1/thumb/v8-m.main+fp/softfp/libgcc.a(_udivmoddi4.o)
                0x0000000020001220                __udivmoddi4
 .text          0x00000000200014e0        0x4 /usr/lib/gcc/arm-none-eabi/9.2.1/thumb/v8-m.main+fp/softfp/libgcc.a(_dvmd_tls.o)
                0x00000000200014e0                __aeabi_ldiv0
                0x00000000200014e0                __aeabi_idiv0
 *fill*         0x00000000200014e4        0x4 
 .text.__stub   0x00000000200014e8       0x80 linker stubs
                0x0000000020001568                . = ALIGN (0x4)
 *(.rodata*)
                0x0000000020001568                . = ALIGN (0x4)
 *(.data*)
 .data.striped_spin_lock_num
                0x0000000020001568        0x1 CMakeFiles/dht11_freertos.dir/home/charly/pico/pico-sdk/src/rp2_common/hardware_sync/sync.c.o
 *fill*         0x0000000020001569        0x3 
 .data          0x000000002000156c       0x48 CMakeFiles/dht11_freertos.dir/home/charly/pico/pico-sdk/src/rp2_common/hardware_irq/irq_handler_chain.S.o
                0x000000002000156c                irq_handler_chain_slots
                0x000000002000159c                irq_handler_chain_first_slot
                0x00000000200015a6                irq_handler_chain_remove_tail
 .data.default_alarm_pool
                0x00000000200015b4       0x18 CMakeFiles/dht11_freertos.dir/home/charly/pico/pico-sdk/src/common/pico_time/time.c.o
 .data.cDoorbellNum
                0x00000000200015cc        0x1 CMakeFiles/dht11_freertos.dir/FreeRTOS-Kernel/portable/ThirdParty/GCC/RP2350_ARM_NTZ/non_secure/port.c.o
 .data.ucPrimaryCoreNum
                0x00000000200015cd        0x1 CMakeFiles/dht11_freertos.dir/FreeRTOS-Kernel/portable/ThirdParty/GCC/RP2350_ARM_NTZ/non_secure/port.c.o
 *fill*         0x00000000200015ce        0x2 
 .data.ulCriticalNesting
                0x00000000200015d0        0x4 CMakeFiles/dht11_freertos.dir/FreeRTOS-Kernel/portable/ThirdParty/GCC/RP2350_ARM_NTZ/non_secure/port.c.o
 .data.uxTopUsedPriority
                0x00000000200015d4        0x4 CMakeFiles/dht11_freertos.dir/FreeRTOS-Kernel/tasks.c.o
 .data.stdio_usb
                0x00000000200015d8       0x18 CMakeFiles/dht11_freertos.dir/home/charly/pico/pico-sdk/src/rp2_common/pico_stdio_usb/stdio_usb.c.o
                0x00000000200015d8                stdio_usb
 .data._usbd_qdef
                0x00000000200015f0       0x1c CMakeFiles/dht11_freertos.dir/home/charly/pico/pico-sdk/lib/tinyusb/src/device/usbd.c.o
                0x00000000200015f0                _usbd_qdef
 .data._usbd_rhport
                0x000000002000160c        0x1 CMakeFiles/dht11_freertos.dir/home/charly/pico/pico-sdk/lib/tinyusb/src/device/usbd.c.o
 *(.sdata*)
                0x0000000020001610                . = ALIGN (0x4)
 *fill*         0x000000002000160d        0x3 
 *(.after_data.*)
                0x0000000020001610                . = ALIGN (0x4)
                0x0000000020001610                PROVIDE (__mutex_array_start = .)
 *(SORT_BY_NAME(.mutex_array.*))
 *(.mutex_array)
 .mutex_array   0x0000000020001610        0x8 CMakeFiles/dht11_freertos.dir/home/charly/pico/pico-sdk/src/rp2_common/pico_malloc/malloc.c.o
 .mutex_array   0x0000000020001618        0x8 CMakeFiles/dht11_freertos.dir/home/charly/pico/pico-sdk/src/rp2_common/pico_stdio/stdio.c.o
                0x0000000020001620                PROVIDE (__mutex_array_end = .)
 *(.jcr)
                0x0000000020001620                . = ALIGN (0x4)

.tm_clone_table
                0x0000000020001620        0x0 load address 0x000000001000a1d8
 .tm_clone_table
                0x0000000020001620        0x0 /usr/lib/gcc/arm-none-eabi/9.2.1/thumb/v8-m.main+fp/softfp/crtbegin.o
 .tm_clone_table
                0x0000000020001620        0x0 /usr/lib/gcc/arm-none-eabi/9.2.1/thumb/v8-m.main+fp/softfp/crtend.o

.igot.plt       0x0000000020001620        0x0 load address 0x000000001000a1d8
 .igot.plt      0x0000000020001620        0x0 /usr/lib/gcc/arm-none-eabi/9.2.1/thumb/v8-m.main+fp/softfp/crtbegin.o

.tdata          0x0000000020001620        0x0 load address 0x000000001000a1d8
                0x0000000020001620                . = ALIGN (0x4)
 *(.tdata .tdata.* .gnu.linkonce.td.*)